Archive member included to satisfy reference by file (symbol)

c:/st/stm32cubeide_1.7.0/stm32cubeide/plugins/com.st.stm32cube.ide.mcu.externaltools.gnu-tools-for-stm32.9-2020-q2-update.win32_2.0.0.202105311346/tools/bin/../lib/gcc/arm-none-eabi/9.3.1/../../../../arm-none-eabi/lib/thumb/v7-m/nofp\libc_nano.a(lib_a-errno.o)
                              ./Core/Src/syscalls.o (__errno)
c:/st/stm32cubeide_1.7.0/stm32cubeide/plugins/com.st.stm32cube.ide.mcu.externaltools.gnu-tools-for-stm32.9-2020-q2-update.win32_2.0.0.202105311346/tools/bin/../lib/gcc/arm-none-eabi/9.3.1/../../../../arm-none-eabi/lib/thumb/v7-m/nofp\libc_nano.a(lib_a-exit.o)
                              c:/st/stm32cubeide_1.7.0/stm32cubeide/plugins/com.st.stm32cube.ide.mcu.externaltools.gnu-tools-for-stm32.9-2020-q2-update.win32_2.0.0.202105311346/tools/bin/../lib/gcc/arm-none-eabi/9.3.1/../../../../arm-none-eabi/lib/thumb/v7-m/nofp/crt0.o (exit)
c:/st/stm32cubeide_1.7.0/stm32cubeide/plugins/com.st.stm32cube.ide.mcu.externaltools.gnu-tools-for-stm32.9-2020-q2-update.win32_2.0.0.202105311346/tools/bin/../lib/gcc/arm-none-eabi/9.3.1/../../../../arm-none-eabi/lib/thumb/v7-m/nofp\libc_nano.a(lib_a-impure.o)
                              c:/st/stm32cubeide_1.7.0/stm32cubeide/plugins/com.st.stm32cube.ide.mcu.externaltools.gnu-tools-for-stm32.9-2020-q2-update.win32_2.0.0.202105311346/tools/bin/../lib/gcc/arm-none-eabi/9.3.1/../../../../arm-none-eabi/lib/thumb/v7-m/nofp\libc_nano.a(lib_a-exit.o) (_global_impure_ptr)
c:/st/stm32cubeide_1.7.0/stm32cubeide/plugins/com.st.stm32cube.ide.mcu.externaltools.gnu-tools-for-stm32.9-2020-q2-update.win32_2.0.0.202105311346/tools/bin/../lib/gcc/arm-none-eabi/9.3.1/../../../../arm-none-eabi/lib/thumb/v7-m/nofp\libc_nano.a(lib_a-init.o)
                              c:/st/stm32cubeide_1.7.0/stm32cubeide/plugins/com.st.stm32cube.ide.mcu.externaltools.gnu-tools-for-stm32.9-2020-q2-update.win32_2.0.0.202105311346/tools/bin/../lib/gcc/arm-none-eabi/9.3.1/../../../../arm-none-eabi/lib/thumb/v7-m/nofp/crt0.o (__libc_init_array)
c:/st/stm32cubeide_1.7.0/stm32cubeide/plugins/com.st.stm32cube.ide.mcu.externaltools.gnu-tools-for-stm32.9-2020-q2-update.win32_2.0.0.202105311346/tools/bin/../lib/gcc/arm-none-eabi/9.3.1/../../../../arm-none-eabi/lib/thumb/v7-m/nofp\libc_nano.a(lib_a-memset.o)
                              c:/st/stm32cubeide_1.7.0/stm32cubeide/plugins/com.st.stm32cube.ide.mcu.externaltools.gnu-tools-for-stm32.9-2020-q2-update.win32_2.0.0.202105311346/tools/bin/../lib/gcc/arm-none-eabi/9.3.1/../../../../arm-none-eabi/lib/thumb/v7-m/nofp/crt0.o (memset)

Allocating common symbols
Common symbol       size              file

uwTick              0x4               ./Drivers/STM32F1xx_HAL_Driver/Src/stm32f1xx_hal.o
pFlash              0x20              ./Drivers/STM32F1xx_HAL_Driver/Src/stm32f1xx_hal_flash.o
htim2               0x48              ./Core/Src/main.o

Discarded input sections

 .text          0x0000000000000000        0x0 c:/st/stm32cubeide_1.7.0/stm32cubeide/plugins/com.st.stm32cube.ide.mcu.externaltools.gnu-tools-for-stm32.9-2020-q2-update.win32_2.0.0.202105311346/tools/bin/../lib/gcc/arm-none-eabi/9.3.1/thumb/v7-m/nofp/crti.o
 .data          0x0000000000000000        0x0 c:/st/stm32cubeide_1.7.0/stm32cubeide/plugins/com.st.stm32cube.ide.mcu.externaltools.gnu-tools-for-stm32.9-2020-q2-update.win32_2.0.0.202105311346/tools/bin/../lib/gcc/arm-none-eabi/9.3.1/thumb/v7-m/nofp/crti.o
 .bss           0x0000000000000000        0x0 c:/st/stm32cubeide_1.7.0/stm32cubeide/plugins/com.st.stm32cube.ide.mcu.externaltools.gnu-tools-for-stm32.9-2020-q2-update.win32_2.0.0.202105311346/tools/bin/../lib/gcc/arm-none-eabi/9.3.1/thumb/v7-m/nofp/crti.o
 .data          0x0000000000000000        0x4 c:/st/stm32cubeide_1.7.0/stm32cubeide/plugins/com.st.stm32cube.ide.mcu.externaltools.gnu-tools-for-stm32.9-2020-q2-update.win32_2.0.0.202105311346/tools/bin/../lib/gcc/arm-none-eabi/9.3.1/thumb/v7-m/nofp/crtbegin.o
 .text          0x0000000000000000       0x7c c:/st/stm32cubeide_1.7.0/stm32cubeide/plugins/com.st.stm32cube.ide.mcu.externaltools.gnu-tools-for-stm32.9-2020-q2-update.win32_2.0.0.202105311346/tools/bin/../lib/gcc/arm-none-eabi/9.3.1/../../../../arm-none-eabi/lib/thumb/v7-m/nofp/crt0.o
 .data          0x0000000000000000        0x0 c:/st/stm32cubeide_1.7.0/stm32cubeide/plugins/com.st.stm32cube.ide.mcu.externaltools.gnu-tools-for-stm32.9-2020-q2-update.win32_2.0.0.202105311346/tools/bin/../lib/gcc/arm-none-eabi/9.3.1/../../../../arm-none-eabi/lib/thumb/v7-m/nofp/crt0.o
 .bss           0x0000000000000000        0x0 c:/st/stm32cubeide_1.7.0/stm32cubeide/plugins/com.st.stm32cube.ide.mcu.externaltools.gnu-tools-for-stm32.9-2020-q2-update.win32_2.0.0.202105311346/tools/bin/../lib/gcc/arm-none-eabi/9.3.1/../../../../arm-none-eabi/lib/thumb/v7-m/nofp/crt0.o
[...]
Memory Configuration

Name             Origin             Length             Attributes
RAM              0x0000000020000000 0x0000000000002800 xrw
FLASH            0x0000000008000000 0x0000000000008000 xr
*default*        0x0000000000000000 0xffffffffffffffff

Linker script and memory map

LOAD c:/st/stm32cubeide_1.7.0/stm32cubeide/plugins/com.st.stm32cube.ide.mcu.externaltools.gnu-tools-for-stm32.9-2020-q2-update.win32_2.0.0.202105311346/tools/bin/../lib/gcc/arm-none-eabi/9.3.1/thumb/v7-m/nofp/crti.o
LOAD c:/st/stm32cubeide_1.7.0/stm32cubeide/plugins/com.st.stm32cube.ide.mcu.externaltools.gnu-tools-for-stm32.9-2020-q2-update.win32_2.0.0.202105311346/tools/bin/../lib/gcc/arm-none-eabi/9.3.1/thumb/v7-m/nofp/crtbegin.o
LOAD c:/st/stm32cubeide_1.7.0/stm32cubeide/plugins/com.st.stm32cube.ide.mcu.externaltools.gnu-tools-for-stm32.9-2020-q2-update.win32_2.0.0.202105311346/tools/bin/../lib/gcc/arm-none-eabi/9.3.1/../../../../arm-none-eabi/lib/thumb/v7-m/nofp/crt0.o
LOAD ./Core/Src/ex7.o
LOAD ./Core/Src/main.o
LOAD ./Core/Src/software_timer.o
LOAD ./Core/Src/stm32f1xx_hal_msp.o
LOAD ./Core/Src/stm32f1xx_it.o
LOAD ./Core/Src/syscalls.o
LOAD ./Core/Src/sysmem.o
LOAD ./Core/Src/system_stm32f1xx.o
LOAD ./Core/Startup/startup_stm32f103c6ux.o
LOAD ./Drivers/STM32F1xx_HAL_Driver/Src/stm32f1xx_hal.o
LOAD ./Drivers/STM32F1xx_HAL_Driver/Src/stm32f1xx_hal_cortex.o
LOAD ./Drivers/STM32F1xx_HAL_Driver/Src/stm32f1xx_hal_dma.o
LOAD ./Drivers/STM32F1xx_HAL_Driver/Src/stm32f1xx_hal_exti.o
LOAD ./Drivers/STM32F1xx_HAL_Driver/Src/stm32f1xx_hal_flash.o
LOAD ./Drivers/STM32F1xx_HAL_Driver/Src/stm32f1xx_hal_flash_ex.o
LOAD ./Drivers/STM32F1xx_HAL_Driver/Src/stm32f1xx_hal_gpio.o
LOAD ./Drivers/STM32F1xx_HAL_Driver/Src/stm32f1xx_hal_gpio_ex.o
LOAD ./Drivers/STM32F1xx_HAL_Driver/Src/stm32f1xx_hal_pwr.o
LOAD ./Drivers/STM32F1xx_HAL_Driver/Src/stm32f1xx_hal_rcc.o
LOAD ./Drivers/STM32F1xx_HAL_Driver/Src/stm32f1xx_hal_rcc_ex.o
LOAD ./Drivers/STM32F1xx_HAL_Driver/Src/stm32f1xx_hal_tim.o
LOAD ./Drivers/STM32F1xx_HAL_Driver/Src/stm32f1xx_hal_tim_ex.o
START GROUP
LOAD c:/st/stm32cubeide_1.7.0/stm32cubeide/plugins/com.st.stm32cube.ide.mcu.externaltools.gnu-tools-for-stm32.9-2020-q2-update.win32_2.0.0.202105311346/tools/bin/../lib/gcc/arm-none-eabi/9.3.1/../../../../arm-none-eabi/lib/thumb/v7-m/nofp\libc_nano.a
LOAD c:/st/stm32cubeide_1.7.0/stm32cubeide/plugins/com.st.stm32cube.ide.mcu.externaltools.gnu-tools-for-stm32.9-2020-q2-update.win32_2.0.0.202105311346/tools/bin/../lib/gcc/arm-none-eabi/9.3.1/../../../../arm-none-eabi/lib/thumb/v7-m/nofp\libm.a
END GROUP
START GROUP
LOAD c:/st/stm32cubeide_1.7.0/stm32cubeide/plugins/com.st.stm32cube.ide.mcu.externaltools.gnu-tools-for-stm32.9-2020-q2-update.win32_2.0.0.202105311346/tools/bin/../lib/gcc/arm-none-eabi/9.3.1/thumb/v7-m/nofp\libgcc.a
LOAD c:/st/stm32cubeide_1.7.0/stm32cubeide/plugins/com.st.stm32cube.ide.mcu.externaltools.gnu-tools-for-stm32.9-2020-q2-update.win32_2.0.0.202105311346/tools/bin/../lib/gcc/arm-none-eabi/9.3.1/../../../../arm-none-eabi/lib/thumb/v7-m/nofp\libc_nano.a
END GROUP
START GROUP
LOAD c:/st/stm32cubeide_1.7.0/stm32cubeide/plugins/com.st.stm32cube.ide.mcu.externaltools.gnu-tools-for-stm32.9-2020-q2-update.win32_2.0.0.202105311346/tools/bin/../lib/gcc/arm-none-eabi/9.3.1/thumb/v7-m/nofp\libgcc.a
LOAD c:/st/stm32cubeide_1.7.0/stm32cubeide/plugins/com.st.stm32cube.ide.mcu.externaltools.gnu-tools-for-stm32.9-2020-q2-update.win32_2.0.0.202105311346/tools/bin/../lib/gcc/arm-none-eabi/9.3.1/../../../../arm-none-eabi/lib/thumb/v7-m/nofp\libc_nano.a
LOAD c:/st/stm32cubeide_1.7.0/stm32cubeide/plugins/com.st.stm32cube.ide.mcu.externaltools.gnu-tools-for-stm32.9-2020-q2-update.win32_2.0.0.202105311346/tools/bin/../lib/gcc/arm-none-eabi/9.3.1/../../../../arm-none-eabi/lib/thumb/v7-m/nofp\libnosys.a
END GROUP
START GROUP
LOAD c:/st/stm32cubeide_1.7.0/stm32cubeide/plugins/com.st.stm32cube.ide.mcu.externaltools.gnu-tools-for-stm32.9-2020-q2-update.win32_2.0.0.202105311346/tools/bin/../lib/gcc/arm-none-eabi/9.3.1/thumb/v7-m/nofp\libgcc.a
LOAD c:/st/stm32cubeide_1.7.0/stm32cubeide/plugins/com.st.stm32cube.ide.mcu.externaltools.gnu-tools-for-stm32.9-2020-q2-update.win32_2.0.0.202105311346/tools/bin/../lib/gcc/arm-none-eabi/9.3.1/../../../../arm-none-eabi/lib/thumb/v7-m/nofp\libc_nano.a
LOAD c:/st/stm32cubeide_1.7.0/stm32cubeide/plugins/com.st.stm32cube.ide.mcu.externaltools.gnu-tools-for-stm32.9-2020-q2-update.win32_2.0.0.202105311346/tools/bin/../lib/gcc/arm-none-eabi/9.3.1/../../../../arm-none-eabi/lib/thumb/v7-m/nofp\libnosys.a
END GROUP
LOAD c:/st/stm32cubeide_1.7.0/stm32cubeide/plugins/com.st.stm32cube.ide.mcu.externaltools.gnu-tools-for-stm32.9-2020-q2-update.win32_2.0.0.202105311346/tools/bin/../lib/gcc/arm-none-eabi/9.3.1/thumb/v7-m/nofp/crtend.o
LOAD c:/st/stm32cubeide_1.7.0/stm32cubeide/plugins/com.st.stm32cube.ide.mcu.externaltools.gnu-tools-for-stm32.9-2020-q2-update.win32_2.0.0.202105311346/tools/bin/../lib/gcc/arm-none-eabi/9.3.1/thumb/v7-m/nofp/crtn.o
                0x0000000020002800                _estack = (ORIGIN (RAM) + LENGTH (RAM))
                0x0000000000000200                _Min_Heap_Size = 0x200
                0x0000000000000400                _Min_Stack_Size = 0x400

.isr_vector     0x0000000008000000      0x10c
                0x0000000008000000                . = ALIGN (0x4)
 *(.isr_vector)
 .isr_vector    0x0000000008000000      0x10c ./Core/Startup/startup_stm32f103c6ux.o
                0x0000000008000000                g_pfnVectors
                0x000000000800010c                . = ALIGN (0x4)

.text           0x000000000800010c     0x1e5c
                0x000000000800010c                . = ALIGN (0x4)
 *(.text)
 .text          0x000000000800010c       0x40 c:/st/stm32cubeide_1.7.0/stm32cubeide/plugins/com.st.stm32cube.ide.mcu.externaltools.gnu-tools-for-stm32.9-2020-q2-update.win32_2.0.0.202105311346/tools/bin/../lib/gcc/arm-none-eabi/9.3.1/thumb/v7-m/nofp/crtbegin.o
 *(.text*)
 .text.HAL_TIM_PeriodElapsedCallback
                0x000000000800014c       0x5c ./Core/Src/ex7.o
                0x000000000800014c                HAL_TIM_PeriodElapsedCallback
 .text.updateClockBuffer
                0x00000000080001a8       0x78 ./Core/Src/ex7.o
                0x00000000080001a8                updateClockBuffer
 .text.update7SEG
                0x0000000008000220      0x118 ./Core/Src/ex7.o
                0x0000000008000220                update7SEG
 .text.display7SEG
                0x0000000008000338       0xf4 ./Core/Src/ex7.o
                0x0000000008000338                display7SEG
 .text.main     0x000000000800042c       0xd8 ./Core/Src/main.o
                0x000000000800042c                main
 .text.SystemClock_Config
                0x0000000008000504       0x76 ./Core/Src/main.o
                0x0000000008000504                SystemClock_Config
 *fill*         0x000000000800057a        0x2 
 .text.MX_TIM2_Init
                0x000000000800057c       0x98 ./Core/Src/main.o
 .text.MX_GPIO_Init
                0x0000000008000614       0xa8 ./Core/Src/main.o
 .text.Error_Handler
                0x00000000080006bc        0xa ./Core/Src/main.o
                0x00000000080006bc                Error_Handler
 *fill*         0x00000000080006c6        0x2 
 .text.setTimer0
                0x00000000080006c8       0x34 ./Core/Src/software_timer.o
                0x00000000080006c8                setTimer0
 .text.setTimerDOT
                0x00000000080006fc       0x34 ./Core/Src/software_timer.o
                0x00000000080006fc                setTimerDOT
 .text.setTimerClock
                0x0000000008000730       0x34 ./Core/Src/software_timer.o
                0x0000000008000730                setTimerClock
 .text.timer_run
                0x0000000008000764       0x84 ./Core/Src/software_timer.o
                0x0000000008000764                timer_run
 .text.HAL_MspInit
                0x00000000080007e8       0x64 ./Core/Src/stm32f1xx_hal_msp.o
                0x00000000080007e8                HAL_MspInit
 .text.HAL_TIM_Base_MspInit
                0x000000000800084c       0x48 ./Core/Src/stm32f1xx_hal_msp.o
                0x000000000800084c                HAL_TIM_Base_MspInit
 .text.NMI_Handler
                0x0000000008000894        0x6 ./Core/Src/stm32f1xx_it.o
                0x0000000008000894                NMI_Handler
 .text.HardFault_Handler
                0x000000000800089a        0x6 ./Core/Src/stm32f1xx_it.o
                0x000000000800089a                HardFault_Handler
 .text.MemManage_Handler
                0x00000000080008a0        0x6 ./Core/Src/stm32f1xx_it.o
                0x00000000080008a0                MemManage_Handler
 .text.BusFault_Handler
                0x00000000080008a6        0x6 ./Core/Src/stm32f1xx_it.o
                0x00000000080008a6                BusFault_Handler
 .text.UsageFault_Handler
                0x00000000080008ac        0x6 ./Core/Src/stm32f1xx_it.o
                0x00000000080008ac                UsageFault_Handler
 .text.SVC_Handler
                0x00000000080008b2        0xc ./Core/Src/stm32f1xx_it.o
                0x00000000080008b2                SVC_Handler
 .text.DebugMon_Handler
                0x00000000080008be        0xc ./Core/Src/stm32f1xx_it.o
                0x00000000080008be                DebugMon_Handler
 .text.PendSV_Handler
                0x00000000080008ca        0xc ./Core/Src/stm32f1xx_it.o
                0x00000000080008ca                PendSV_Handler
 .text.SysTick_Handler
                0x00000000080008d6        0xc ./Core/Src/stm32f1xx_it.o
                0x00000000080008d6                SysTick_Handler
 *fill*         0x00000000080008e2        0x2 
 .text.TIM2_IRQHandler
                0x00000000080008e4       0x14 ./Core/Src/stm32f1xx_it.o
                0x00000000080008e4                TIM2_IRQHandler
 .text.SystemInit
                0x00000000080008f8        0xc ./Core/Src/system_stm32f1xx.o
                0x00000000080008f8                SystemInit
 .text.Reset_Handler
                0x0000000008000904       0x48 ./Core/Startup/startup_stm32f103c6ux.o
                0x0000000008000904                Reset_Handler
 .text.Default_Handler
                0x000000000800094c        0x2 ./Core/Startup/startup_stm32f103c6ux.o
                0x000000000800094c                RTC_Alarm_IRQHandler
                0x000000000800094c                EXTI2_IRQHandler
                0x000000000800094c                TIM1_CC_IRQHandler
                0x000000000800094c                PVD_IRQHandler
                0x000000000800094c                EXTI3_IRQHandler
                0x000000000800094c                EXTI0_IRQHandler
                0x000000000800094c                ADC1_2_IRQHandler
                0x000000000800094c                SPI1_IRQHandler
                0x000000000800094c                TAMPER_IRQHandler
                0x000000000800094c                DMA1_Channel4_IRQHandler
                0x000000000800094c                RTC_IRQHandler
                0x000000000800094c                DMA1_Channel7_IRQHandler
                0x000000000800094c                CAN1_RX1_IRQHandler
                0x000000000800094c                I2C1_EV_IRQHandler
                0x000000000800094c                DMA1_Channel6_IRQHandler
                0x000000000800094c                TIM3_IRQHandler
                0x000000000800094c                RCC_IRQHandler
                0x000000000800094c                TIM1_TRG_COM_IRQHandler
                0x000000000800094c                DMA1_Channel1_IRQHandler
                0x000000000800094c                Default_Handler
                0x000000000800094c                EXTI15_10_IRQHandler
                0x000000000800094c                EXTI9_5_IRQHandler
                0x000000000800094c                DMA1_Channel5_IRQHandler
                0x000000000800094c                EXTI4_IRQHandler
                0x000000000800094c                USB_LP_CAN1_RX0_IRQHandler
                0x000000000800094c                USB_HP_CAN1_TX_IRQHandler
                0x000000000800094c                DMA1_Channel3_IRQHandler
                0x000000000800094c                TIM1_UP_IRQHandler
                0x000000000800094c                WWDG_IRQHandler
                0x000000000800094c                TIM1_BRK_IRQHandler
                0x000000000800094c                EXTI1_IRQHandler
                0x000000000800094c                USART2_IRQHandler
                0x000000000800094c                DMA1_Channel2_IRQHandler
                0x000000000800094c                CAN1_SCE_IRQHandler
                0x000000000800094c                FLASH_IRQHandler
                0x000000000800094c                USART1_IRQHandler
                0x000000000800094c                I2C1_ER_IRQHandler
                0x000000000800094c                USBWakeUp_IRQHandler
 *fill*         0x000000000800094e        0x2 
 .text.HAL_Init
                0x0000000008000950       0x2c ./Drivers/STM32F1xx_HAL_Driver/Src/stm32f1xx_hal.o
                0x0000000008000950                HAL_Init
 .text.HAL_InitTick
                0x000000000800097c       0x60 ./Drivers/STM32F1xx_HAL_Driver/Src/stm32f1xx_hal.o
                0x000000000800097c                HAL_InitTick
 .text.HAL_IncTick
                0x00000000080009dc       0x24 ./Drivers/STM32F1xx_HAL_Driver/Src/stm32f1xx_hal.o
                0x00000000080009dc                HAL_IncTick
 .text.HAL_GetTick
                0x0000000008000a00       0x14 ./Drivers/STM32F1xx_HAL_Driver/Src/stm32f1xx_hal.o
                0x0000000008000a00                HAL_GetTick
 .text.__NVIC_SetPriorityGrouping
                0x0000000008000a14       0x48 ./Drivers/STM32F1xx_HAL_Driver/Src/stm32f1xx_hal_cortex.o
 .text.__NVIC_GetPriorityGrouping
                0x0000000008000a5c       0x1c ./Drivers/STM32F1xx_HAL_Driver/Src/stm32f1xx_hal_cortex.o
 .text.__NVIC_EnableIRQ
                0x0000000008000a78       0x38 ./Drivers/STM32F1xx_HAL_Driver/Src/stm32f1xx_hal_cortex.o
 .text.__NVIC_SetPriority
                0x0000000008000ab0       0x54 ./Drivers/STM32F1xx_HAL_Driver/Src/stm32f1xx_hal_cortex.o
 .text.NVIC_EncodePriority
                0x0000000008000b04       0x64 ./Drivers/STM32F1xx_HAL_Driver/Src/stm32f1xx_hal_cortex.o
 .text.SysTick_Config
                0x0000000008000b68       0x44 ./Drivers/STM32F1xx_HAL_Driver/Src/stm32f1xx_hal_cortex.o
 .text.HAL_NVIC_SetPriorityGrouping
                0x0000000008000bac       0x16 ./Drivers/STM32F1xx_HAL_Driver/Src/stm32f1xx_hal_cortex.o
                0x0000000008000bac                HAL_NVIC_SetPriorityGrouping
 .text.HAL_NVIC_SetPriority
                0x0000000008000bc2       0x38 ./Drivers/STM32F1xx_HAL_Driver/Src/stm32f1xx_hal_cortex.o
                0x0000000008000bc2                HAL_NVIC_SetPriority
 .text.HAL_NVIC_EnableIRQ
                0x0000000008000bfa       0x1c ./Drivers/STM32F1xx_HAL_Driver/Src/stm32f1xx_hal_cortex.o
                0x0000000008000bfa                HAL_NVIC_EnableIRQ
 .text.HAL_SYSTICK_Config
                0x0000000008000c16       0x18 ./Drivers/STM32F1xx_HAL_Driver/Src/stm32f1xx_hal_cortex.o
                0x0000000008000c16                HAL_SYSTICK_Config
 *fill*         0x0000000008000c2e        0x2 
 .text.HAL_GPIO_Init
                0x0000000008000c30      0x2f4 ./Drivers/STM32F1xx_HAL_Driver/Src/stm32f1xx_hal_gpio.o
                0x0000000008000c30                HAL_GPIO_Init
 .text.HAL_GPIO_WritePin
                0x0000000008000f24       0x30 ./Drivers/STM32F1xx_HAL_Driver/Src/stm32f1xx_hal_gpio.o
                0x0000000008000f24                HAL_GPIO_WritePin
 .text.HAL_GPIO_TogglePin
                0x0000000008000f54       0x32 ./Drivers/STM32F1xx_HAL_Driver/Src/stm32f1xx_hal_gpio.o
                0x0000000008000f54                HAL_GPIO_TogglePin
 *fill*         0x0000000008000f86        0x2 
 .text.HAL_RCC_OscConfig
                0x0000000008000f88      0x500 ./Drivers/STM32F1xx_HAL_Driver/Src/stm32f1xx_hal_rcc.o
                0x0000000008000f88                HAL_RCC_OscConfig
 .text.HAL_RCC_ClockConfig
                0x0000000008001488      0x1d4 ./Drivers/STM32F1xx_HAL_Driver/Src/stm32f1xx_hal_rcc.o
                0x0000000008001488                HAL_RCC_ClockConfig
 .text.HAL_RCC_GetSysClockFreq
                0x000000000800165c       0xa8 ./Drivers/STM32F1xx_HAL_Driver/Src/stm32f1xx_hal_rcc.o
                0x000000000800165c                HAL_RCC_GetSysClockFreq
 .text.RCC_Delay
                0x0000000008001704       0x3c ./Drivers/STM32F1xx_HAL_Driver/Src/stm32f1xx_hal_rcc.o
 .text.HAL_TIM_Base_Init
                0x0000000008001740       0x9e ./Drivers/STM32F1xx_HAL_Driver/Src/stm32f1xx_hal_tim.o
                0x0000000008001740                HAL_TIM_Base_Init
 *fill*         0x00000000080017de        0x2 
 .text.HAL_TIM_Base_Start_IT
                0x00000000080017e0       0x98 ./Drivers/STM32F1xx_HAL_Driver/Src/stm32f1xx_hal_tim.o
                0x00000000080017e0                HAL_TIM_Base_Start_IT
 .text.HAL_TIM_IRQHandler
                0x0000000008001878      0x1e0 ./Drivers/STM32F1xx_HAL_Driver/Src/stm32f1xx_hal_tim.o
                0x0000000008001878                HAL_TIM_IRQHandler
 .text.HAL_TIM_ConfigClockSource
                0x0000000008001a58      0x18e ./Drivers/STM32F1xx_HAL_Driver/Src/stm32f1xx_hal_tim.o
                0x0000000008001a58                HAL_TIM_ConfigClockSource
 .text.HAL_TIM_OC_DelayElapsedCallback
                0x0000000008001be6       0x12 ./Drivers/STM32F1xx_HAL_Driver/Src/stm32f1xx_hal_tim.o
                0x0000000008001be6                HAL_TIM_OC_DelayElapsedCallback
 .text.HAL_TIM_IC_CaptureCallback
                0x0000000008001bf8       0x12 ./Drivers/STM32F1xx_HAL_Driver/Src/stm32f1xx_hal_tim.o
                0x0000000008001bf8                HAL_TIM_IC_CaptureCallback
 .text.HAL_TIM_PWM_PulseFinishedCallback
                0x0000000008001c0a       0x12 ./Drivers/STM32F1xx_HAL_Driver/Src/stm32f1xx_hal_tim.o
                0x0000000008001c0a                HAL_TIM_PWM_PulseFinishedCallback
 .text.HAL_TIM_TriggerCallback
                0x0000000008001c1c       0x12 ./Drivers/STM32F1xx_HAL_Driver/Src/stm32f1xx_hal_tim.o
                0x0000000008001c1c                HAL_TIM_TriggerCallback
 *fill*         0x0000000008001c2e        0x2 
 .text.TIM_Base_SetConfig
                0x0000000008001c30       0xc8 ./Drivers/STM32F1xx_HAL_Driver/Src/stm32f1xx_hal_tim.o
                0x0000000008001c30                TIM_Base_SetConfig
 .text.TIM_TI1_ConfigInputStage
                0x0000000008001cf8       0x5c ./Drivers/STM32F1xx_HAL_Driver/Src/stm32f1xx_hal_tim.o
 .text.TIM_TI2_ConfigInputStage
                0x0000000008001d54       0x5e ./Drivers/STM32F1xx_HAL_Driver/Src/stm32f1xx_hal_tim.o
 .text.TIM_ITRx_SetConfig
                0x0000000008001db2       0x34 ./Drivers/STM32F1xx_HAL_Driver/Src/stm32f1xx_hal_tim.o
 .text.TIM_ETR_SetConfig
                0x0000000008001de6       0x3e ./Drivers/STM32F1xx_HAL_Driver/Src/stm32f1xx_hal_tim.o
                0x0000000008001de6                TIM_ETR_SetConfig
 .text.HAL_TIMEx_MasterConfigSynchronization
                0x0000000008001e24       0xb0 ./Drivers/STM32F1xx_HAL_Driver/Src/stm32f1xx_hal_tim_ex.o
                0x0000000008001e24                HAL_TIMEx_MasterConfigSynchronization
 .text.HAL_TIMEx_CommutCallback
                0x0000000008001ed4       0x12 ./Drivers/STM32F1xx_HAL_Driver/Src/stm32f1xx_hal_tim_ex.o
                0x0000000008001ed4                HAL_TIMEx_CommutCallback
 .text.HAL_TIMEx_BreakCallback
                0x0000000008001ee6       0x12 ./Drivers/STM32F1xx_HAL_Driver/Src/stm32f1xx_hal_tim_ex.o
                0x0000000008001ee6                HAL_TIMEx_BreakCallback
 .text.__libc_init_array
                0x0000000008001ef8       0x48 c:/st/stm32cubeide_1.7.0/stm32cubeide/plugins/com.st.stm32cube.ide.mcu.externaltools.gnu-tools-for-stm32.9-2020-q2-update.win32_2.0.0.202105311346/tools/bin/../lib/gcc/arm-none-eabi/9.3.1/../../../../arm-none-eabi/lib/thumb/v7-m/nofp\libc_nano.a(lib_a-init.o)
                0x0000000008001ef8                __libc_init_array
 .text.memset   0x0000000008001f40       0x10 c:/st/stm32cubeide_1.7.0/stm32cubeide/plugins/com.st.stm32cube.ide.mcu.externaltools.gnu-tools-for-stm32.9-2020-q2-update.win32_2.0.0.202105311346/tools/bin/../lib/gcc/arm-none-eabi/9.3.1/../../../../arm-none-eabi/lib/thumb/v7-m/nofp\libc_nano.a(lib_a-memset.o)
                0x0000000008001f40                memset
 *(.glue_7)
 .glue_7        0x0000000008001f50        0x0 linker stubs
 *(.glue_7t)
 .glue_7t       0x0000000008001f50        0x0 linker stubs
 *(.eh_frame)
 .eh_frame      0x0000000008001f50        0x0 c:/st/stm32cubeide_1.7.0/stm32cubeide/plugins/com.st.stm32cube.ide.mcu.externaltools.gnu-tools-for-stm32.9-2020-q2-update.win32_2.0.0.202105311346/tools/bin/../lib/gcc/arm-none-eabi/9.3.1/thumb/v7-m/nofp/crtbegin.o
 *(.init)
 .init          0x0000000008001f50        0x4 c:/st/stm32cubeide_1.7.0/stm32cubeide/plugins/com.st.stm32cube.ide.mcu.externaltools.gnu-tools-for-stm32.9-2020-q2-update.win32_2.0.0.202105311346/tools/bin/../lib/gcc/arm-none-eabi/9.3.1/thumb/v7-m/nofp/crti.o
                0x0000000008001f50                _init
 .init          0x0000000008001f54        0x8 c:/st/stm32cubeide_1.7.0/stm32cubeide/plugins/com.st.stm32cube.ide.mcu.externaltools.gnu-tools-for-stm32.9-2020-q2-update.win32_2.0.0.202105311346/tools/bin/../lib/gcc/arm-none-eabi/9.3.1/thumb/v7-m/nofp/crtn.o
 *(.fini)
 .fini          0x0000000008001f5c        0x4 c:/st/stm32cubeide_1.7.0/stm32cubeide/plugins/com.st.stm32cube.ide.mcu.externaltools.gnu-tools-for-stm32.9-2020-q2-update.win32_2.0.0.202105311346/tools/bin/../lib/gcc/arm-none-eabi/9.3.1/thumb/v7-m/nofp/crti.o
                0x0000000008001f5c                _fini
 .fini          0x0000000008001f60        0x8 c:/st/stm32cubeide_1.7.0/stm32cubeide/plugins/com.st.stm32cube.ide.mcu.externaltools.gnu-tools-for-stm32.9-2020-q2-update.win32_2.0.0.202105311346/tools/bin/../lib/gcc/arm-none-eabi/9.3.1/thumb/v7-m/nofp/crtn.o
                0x0000000008001f68                . = ALIGN (0x4)
                0x0000000008001f68                _etext = .

.vfp11_veneer   0x0000000008001f68        0x0
 .vfp11_veneer  0x0000000008001f68        0x0 linker stubs

.v4_bx          0x0000000008001f68        0x0
 .v4_bx         0x0000000008001f68        0x0 linker stubs

.iplt           0x0000000008001f68        0x0
 .iplt          0x0000000008001f68        0x0 c:/st/stm32cubeide_1.7.0/stm32cubeide/plugins/com.st.stm32cube.ide.mcu.externaltools.gnu-tools-for-stm32.9-2020-q2-update.win32_2.0.0.202105311346/tools/bin/../lib/gcc/arm-none-eabi/9.3.1/thumb/v7-m/nofp/crtbegin.o

.rodata         0x0000000008001f68       0x30
                0x0000000008001f68                . = ALIGN (0x4)
 *(.rodata)
 .rodata        0x0000000008001f68        0xa ./Core/Src/ex7.o
 *(.rodata*)
 *fill*         0x0000000008001f72        0x2 
 .rodata.AHBPrescTable
                0x0000000008001f74       0x10 ./Core/Src/system_stm32f1xx.o
                0x0000000008001f74                AHBPrescTable
 .rodata.aPLLMULFactorTable.6032
                0x0000000008001f84       0x10 ./Drivers/STM32F1xx_HAL_Driver/Src/stm32f1xx_hal_rcc.o
 .rodata.aPredivFactorTable.6033
                0x0000000008001f94        0x2 ./Drivers/STM32F1xx_HAL_Driver/Src/stm32f1xx_hal_rcc.o
                0x0000000008001f98                . = ALIGN (0x4)
 *fill*         0x0000000008001f96        0x2 

.rel.dyn        0x0000000008001f98        0x0
 .rel.iplt      0x0000000008001f98        0x0 c:/st/stm32cubeide_1.7.0/stm32cubeide/plugins/com.st.stm32cube.ide.mcu.externaltools.gnu-tools-for-stm32.9-2020-q2-update.win32_2.0.0.202105311346/tools/bin/../lib/gcc/arm-none-eabi/9.3.1/thumb/v7-m/nofp/crtbegin.o

.ARM.extab      0x0000000008001f98        0x0
                0x0000000008001f98                . = ALIGN (0x4)
 *(.ARM.extab* .gnu.linkonce.armextab.*)
                0x0000000008001f98                . = ALIGN (0x4)

.ARM            0x0000000008001f98        0x0
                0x0000000008001f98                . = ALIGN (0x4)
                0x0000000008001f98                __exidx_start = .
 *(.ARM.exidx*)
                0x0000000008001f98                __exidx_end = .
                0x0000000008001f98                . = ALIGN (0x4)

.preinit_array  0x0000000008001f98        0x0
                0x0000000008001f98                . = ALIGN (0x4)
                0x0000000008001f98                PROVIDE (__preinit_array_start = .)
 *(.preinit_array*)
                0x0000000008001f98                PROVIDE (__preinit_array_end = .)
                0x0000000008001f98                . = ALIGN (0x4)

.init_array     0x0000000008001f98        0x4
                0x0000000008001f98                . = ALIGN (0x4)
                0x0000000008001f98                PROVIDE (__init_array_start = .)
 *(SORT_BY_NAME(.init_array.*))
 *(.init_array*)
 .init_array    0x0000000008001f98        0x4 c:/st/stm32cubeide_1.7.0/stm32cubeide/plugins/com.st.stm32cube.ide.mcu.externaltools.gnu-tools-for-stm32.9-2020-q2-update.win32_2.0.0.202105311346/tools/bin/../lib/gcc/arm-none-eabi/9.3.1/thumb/v7-m/nofp/crtbegin.o
                0x0000000008001f9c                PROVIDE (__init_array_end = .)
                0x0000000008001f9c                . = ALIGN (0x4)

.fini_array     0x0000000008001f9c        0x4
                0x0000000008001f9c                . = ALIGN (0x4)
                [!provide]                        PROVIDE (__fini_array_start = .)
 *(SORT_BY_NAME(.fini_array.*))
 *(.fini_array*)
 .fini_array    0x0000000008001f9c        0x4 c:/st/stm32cubeide_1.7.0/stm32cubeide/plugins/com.st.stm32cube.ide.mcu.externaltools.gnu-tools-for-stm32.9-2020-q2-update.win32_2.0.0.202105311346/tools/bin/../lib/gcc/arm-none-eabi/9.3.1/thumb/v7-m/nofp/crtbegin.o
                [!provide]                        PROVIDE (__fini_array_end = .)
                0x0000000008001fa0                . = ALIGN (0x4)
                0x0000000008001fa0                _sidata = LOADADDR (.data)

.data           0x0000000020000000       0x24 load address 0x0000000008001fa0
                0x0000000020000000                . = ALIGN (0x4)
                0x0000000020000000                _sdata = .
 *(.data)
 *(.data*)
 .data.led_buffer
                0x0000000020000000       0x10 ./Core/Src/ex7.o
                0x0000000020000000                led_buffer
 .data.seven_segment_counter
                0x0000000020000010        0x4 ./Core/Src/ex7.o
                0x0000000020000010                seven_segment_counter
 .data.TIMER_CYCLE
                0x0000000020000014        0x4 ./Core/Src/software_timer.o
                0x0000000020000014                TIMER_CYCLE
 .data.SystemCoreClock
                0x0000000020000018        0x4 ./Core/Src/system_stm32f1xx.o
                0x0000000020000018                SystemCoreClock
 .data.uwTickPrio
                0x000000002000001c        0x4 ./Drivers/STM32F1xx_HAL_Driver/Src/stm32f1xx_hal.o
                0x000000002000001c                uwTickPrio
 .data.uwTickFreq
                0x0000000020000020        0x1 ./Drivers/STM32F1xx_HAL_Driver/Src/stm32f1xx_hal.o
                0x0000000020000020                uwTickFreq
 *(.RamFunc)
 *(.RamFunc*)
                0x0000000020000024                . = ALIGN (0x4)
 *fill*         0x0000000020000021        0x3 
                0x0000000020000024                _edata = .

.igot.plt       0x0000000020000024        0x0 load address 0x0000000008001fc4
 .igot.plt      0x0000000020000024        0x0 c:/st/stm32cubeide_1.7.0/stm32cubeide/plugins/com.st.stm32cube.ide.mcu.externaltools.gnu-tools-for-stm32.9-2020-q2-update.win32_2.0.0.202105311346/tools/bin/../lib/gcc/arm-none-eabi/9.3.1/thumb/v7-m/nofp/crtbegin.o
                0x0000000020000024                . = ALIGN (0x4)

.bss            0x0000000020000024       0x84 load address 0x0000000008001fc4
                0x0000000020000024                _sbss = .
                0x0000000020000024                __bss_start__ = _sbss
 *(.bss)
 .bss           0x0000000020000024       0x1c c:/st/stm32cubeide_1.7.0/stm32cubeide/plugins/com.st.stm32cube.ide.mcu.externaltools.gnu-tools-for-stm32.9-2020-q2-update.win32_2.0.0.202105311346/tools/bin/../lib/gcc/arm-none-eabi/9.3.1/thumb/v7-m/nofp/crtbegin.o
 *(.bss*)
 .bss.index_led
                0x0000000020000040        0x4 ./Core/Src/ex7.o
                0x0000000020000040                index_led
 .bss.timer0_counter
                0x0000000020000044        0x4 ./Core/Src/software_timer.o
                0x0000000020000044                timer0_counter
 .bss.timer0_flag
                0x0000000020000048        0x4 ./Core/Src/software_timer.o
                0x0000000020000048                timer0_flag
 .bss.timer_DOT_counter
                0x000000002000004c        0x4 ./Core/Src/software_timer.o
                0x000000002000004c                timer_DOT_counter
 .bss.timer_DOT_flag
                0x0000000020000050        0x4 ./Core/Src/software_timer.o
                0x0000000020000050                timer_DOT_flag
 .bss.timer_clock_counter
                0x0000000020000054        0x4 ./Core/Src/software_timer.o
                0x0000000020000054                timer_clock_counter
 .bss.timer_clock_flag
                0x0000000020000058        0x4 ./Core/Src/software_timer.o
                0x0000000020000058                timer_clock_flag
 *(COMMON)
 COMMON         0x000000002000005c       0x48 ./Core/Src/main.o
                0x000000002000005c                htim2
 COMMON         0x00000000200000a4        0x4 ./Drivers/STM32F1xx_HAL_Driver/Src/stm32f1xx_hal.o
                0x00000000200000a4                uwTick
                0x00000000200000a8                . = ALIGN (0x4)
                0x00000000200000a8                _ebss = .
                0x00000000200000a8                __bss_end__ = _ebss

._user_heap_stack
                0x00000000200000a8      0x600 load address 0x0000000008001fc4
                0x00000000200000a8                . = ALIGN (0x8)
                [!provide]                        PROVIDE (end = .)
                0x00000000200000a8                PROVIDE (_end = .)
                0x00000000200002a8                . = (. + _Min_Heap_Size)
 *fill*         0x00000000200000a8      0x200 
                0x00000000200006a8                . = (. + _Min_Stack_Size)
 *fill*         0x00000000200002a8      0x400 
                0x00000000200006a8                . = ALIGN (0x8)

/DISCARD/
 libc.a(*)
 libm.a(*)
 libgcc.a(*)

.ARM.attributes
                0x0000000000000000       0x29
 *(.ARM.attributes)
 .ARM.attributes
                0x0000000000000000       0x1d c:/st/stm32cubeide_1.7.0/stm32cubeide/plugins/com.st.stm32cube.ide.mcu.externaltools.gnu-tools-for-stm32.9-2020-q2-update.win32_2.0.0.202105311346/tools/bin/../lib/gcc/arm-none-eabi/9.3.1/thumb/v7-m/nofp/crti.o
 .ARM.attributes
                0x000000000000001d       0x2d c:/st/stm32cubeide_1.7.0/stm32cubeide/plugins/com.st.stm32cube.ide.mcu.externaltools.gnu-tools-for-stm32.9-2020-q2-update.win32_2.0.0.202105311346/tools/bin/../lib/gcc/arm-none-eabi/9.3.1/thumb/v7-m/nofp/crtbegin.o
 .ARM.attributes
                0x000000000000004a       0x2d ./Core/Src/ex7.o
 .ARM.attributes
                0x0000000000000077       0x2d ./Core/Src/main.o
 .ARM.attributes
                0x00000000000000a4       0x2d ./Core/Src/software_timer.o
 .ARM.attributes
                0x00000000000000d1       0x2d ./Core/Src/stm32f1xx_hal_msp.o
 .ARM.attributes
                0x00000000000000fe       0x2d ./Core/Src/stm32f1xx_it.o
 .ARM.attributes
                0x000000000000012b       0x2d ./Core/Src/system_stm32f1xx.o
 .ARM.attributes
                0x0000000000000158       0x21 ./Core/Startup/startup_stm32f103c6ux.o
 .ARM.attributes
                0x0000000000000179       0x2d ./Drivers/STM32F1xx_HAL_Driver/Src/stm32f1xx_hal.o
 .ARM.attributes
                0x00000000000001a6       0x2d ./Drivers/STM32F1xx_HAL_Driver/Src/stm32f1xx_hal_cortex.o
 .ARM.attributes
                0x00000000000001d3       0x2d ./Drivers/STM32F1xx_HAL_Driver/Src/stm32f1xx_hal_gpio.o
 .ARM.attributes
                0x0000000000000200       0x2d ./Drivers/STM32F1xx_HAL_Driver/Src/stm32f1xx_hal_rcc.o
 .ARM.attributes
                0x000000000000022d       0x2d ./Drivers/STM32F1xx_HAL_Driver/Src/stm32f1xx_hal_tim.o
 .ARM.attributes
                0x000000000000025a       0x2d ./Drivers/STM32F1xx_HAL_Driver/Src/stm32f1xx_hal_tim_ex.o
 .ARM.attributes
                0x0000000000000287       0x2d c:/st/stm32cubeide_1.7.0/stm32cubeide/plugins/com.st.stm32cube.ide.mcu.externaltools.gnu-tools-for-stm32.9-2020-q2-update.win32_2.0.0.202105311346/tools/bin/../lib/gcc/arm-none-eabi/9.3.1/../../../../arm-none-eabi/lib/thumb/v7-m/nofp\libc_nano.a(lib_a-init.o)
 .ARM.attributes
                0x00000000000002b4       0x2d c:/st/stm32cubeide_1.7.0/stm32cubeide/plugins/com.st.stm32cube.ide.mcu.externaltools.gnu-tools-for-stm32.9-2020-q2-update.win32_2.0.0.202105311346/tools/bin/../lib/gcc/arm-none-eabi/9.3.1/../../../../arm-none-eabi/lib/thumb/v7-m/nofp\libc_nano.a(lib_a-memset.o)
 .ARM.attributes
                0x00000000000002e1       0x1d c:/st/stm32cubeide_1.7.0/stm32cubeide/plugins/com.st.stm32cube.ide.mcu.externaltools.gnu-tools-for-stm32.9-2020-q2-update.win32_2.0.0.202105311346/tools/bin/../lib/gcc/arm-none-eabi/9.3.1/thumb/v7-m/nofp/crtn.o
OUTPUT(GIT.elf elf32-littlearm)
LOAD linker stubs
LOAD c:/st/stm32cubeide_1.7.0/stm32cubeide/plugins/com.st.stm32cube.ide.mcu.externaltools.gnu-tools-for-stm32.9-2020-q2-update.win32_2.0.0.202105311346/tools/bin/../lib/gcc/arm-none-eabi/9.3.1/../../../../arm-none-eabi/lib/thumb/v7-m/nofp\libc.a
LOAD c:/st/stm32cubeide_1.7.0/stm32cubeide/plugins/com.st.stm32cube.ide.mcu.externaltools.gnu-tools-for-stm32.9-2020-q2-update.win32_2.0.0.202105311346/tools/bin/../lib/gcc/arm-none-eabi/9.3.1/../../../../arm-none-eabi/lib/thumb/v7-m/nofp\libm.a
LOAD c:/st/stm32cubeide_1.7.0/stm32cubeide/plugins/com.st.stm32cube.ide.mcu.externaltools.gnu-tools-for-stm32.9-2020-q2-update.win32_2.0.0.202105311346/tools/bin/../lib/gcc/arm-none-eabi/9.3.1/thumb/v7-m/nofp\libgcc.a

.debug_info     0x0000000000000000     0x9e97
 .debug_info    0x0000000000000000     0x118f ./Core/Src/ex7.o
 .debug_info    0x000000000000118f      0xc14 ./Core/Src/main.o
 .debug_info    0x0000000000001da3      0x803 ./Core/Src/software_timer.o
 .debug_info    0x00000000000025a6      0xa09 ./Core/Src/stm32f1xx_hal_msp.o
 .debug_info    0x0000000000002faf      0x7b9 ./Core/Src/stm32f1xx_it.o
 .debug_info    0x0000000000003768      0x2be ./Core/Src/system_stm32f1xx.o
 .debug_info    0x0000000000003a26       0x22 ./Core/Startup/startup_stm32f103c6ux.o
 .debug_info    0x0000000000003a48      0x74c ./Drivers/STM32F1xx_HAL_Driver/Src/stm32f1xx_hal.o
 .debug_info    0x0000000000004194      0xbbe ./Drivers/STM32F1xx_HAL_Driver/Src/stm32f1xx_hal_cortex.o
 .debug_info    0x0000000000004d52      0x701 ./Drivers/STM32F1xx_HAL_Driver/Src/stm32f1xx_hal_gpio.o
 .debug_info    0x0000000000005453      0x893 ./Drivers/STM32F1xx_HAL_Driver/Src/stm32f1xx_hal_rcc.o
 .debug_info    0x0000000000005ce6     0x2c32 ./Drivers/STM32F1xx_HAL_Driver/Src/stm32f1xx_hal_tim.o
 .debug_info    0x0000000000008918     0x157f ./Drivers/STM32F1xx_HAL_Driver/Src/stm32f1xx_hal_tim_ex.o

.debug_abbrev   0x0000000000000000     0x1908
 .debug_abbrev  0x0000000000000000      0x25e ./Core/Src/ex7.o
 .debug_abbrev  0x000000000000025e      0x24a ./Core/Src/main.o
 .debug_abbrev  0x00000000000004a8      0x1b4 ./Core/Src/software_timer.o
 .debug_abbrev  0x000000000000065c      0x1b7 ./Core/Src/stm32f1xx_hal_msp.o
 .debug_abbrev  0x0000000000000813      0x176 ./Core/Src/stm32f1xx_it.o
 .debug_abbrev  0x0000000000000989      0x14e ./Core/Src/system_stm32f1xx.o
 .debug_abbrev  0x0000000000000ad7       0x12 ./Core/Startup/startup_stm32f103c6ux.o
 .debug_abbrev  0x0000000000000ae9      0x1ed ./Drivers/STM32F1xx_HAL_Driver/Src/stm32f1xx_hal.o
 .debug_abbrev  0x0000000000000cd6      0x313 ./Drivers/STM32F1xx_HAL_Driver/Src/stm32f1xx_hal_cortex.o
 .debug_abbrev  0x0000000000000fe9      0x1e8 ./Drivers/STM32F1xx_HAL_Driver/Src/stm32f1xx_hal_gpio.o
 .debug_abbrev  0x00000000000011d1      0x273 ./Drivers/STM32F1xx_HAL_Driver/Src/stm32f1xx_hal_rcc.o
 .debug_abbrev  0x0000000000001444      0x25e ./Drivers/STM32F1xx_HAL_Driver/Src/stm32f1xx_hal_tim.o
 .debug_abbrev  0x00000000000016a2      0x266 ./Drivers/STM32F1xx_HAL_Driver/Src/stm32f1xx_hal_tim_ex.o

.debug_aranges  0x0000000000000000      0x998
 .debug_aranges
                0x0000000000000000       0x38 ./Core/Src/ex7.o
 .debug_aranges
                0x0000000000000038       0x40 ./Core/Src/main.o
 .debug_aranges
                0x0000000000000078       0x38 ./Core/Src/software_timer.o
 .debug_aranges
                0x00000000000000b0       0x30 ./Core/Src/stm32f1xx_hal_msp.o
 .debug_aranges
                0x00000000000000e0       0x68 ./Core/Src/stm32f1xx_it.o
 .debug_aranges
                0x0000000000000148       0x28 ./Core/Src/system_stm32f1xx.o
 .debug_aranges
                0x0000000000000170       0x28 ./Core/Startup/startup_stm32f103c6ux.o
 .debug_aranges
                0x0000000000000198       0xe0 ./Drivers/STM32F1xx_HAL_Driver/Src/stm32f1xx_hal.o
 .debug_aranges
                0x0000000000000278      0x100 ./Drivers/STM32F1xx_HAL_Driver/Src/stm32f1xx_hal_cortex.o
 .debug_aranges
                0x0000000000000378       0x58 ./Drivers/STM32F1xx_HAL_Driver/Src/stm32f1xx_hal_gpio.o
 .debug_aranges
                0x00000000000003d0       0x90 ./Drivers/STM32F1xx_HAL_Driver/Src/stm32f1xx_hal_rcc.o
 .debug_aranges
                0x0000000000000460      0x3d0 ./Drivers/STM32F1xx_HAL_Driver/Src/stm32f1xx_hal_tim.o
 .debug_aranges
                0x0000000000000830      0x168 ./Drivers/STM32F1xx_HAL_Driver/Src/stm32f1xx_hal_tim_ex.o

.debug_ranges   0x0000000000000000      0x8d0
 .debug_ranges  0x0000000000000000       0x28 ./Core/Src/ex7.o
 .debug_ranges  0x0000000000000028       0x30 ./Core/Src/main.o
 .debug_ranges  0x0000000000000058       0x28 ./Core/Src/software_timer.o
 .debug_ranges  0x0000000000000080       0x20 ./Core/Src/stm32f1xx_hal_msp.o
 .debug_ranges  0x00000000000000a0       0x58 ./Core/Src/stm32f1xx_it.o
 .debug_ranges  0x00000000000000f8       0x18 ./Core/Src/system_stm32f1xx.o
 .debug_ranges  0x0000000000000110       0x20 ./Core/Startup/startup_stm32f103c6ux.o
 .debug_ranges  0x0000000000000130       0xd0 ./Drivers/STM32F1xx_HAL_Driver/Src/stm32f1xx_hal.o
 .debug_ranges  0x0000000000000200       0xf0 ./Drivers/STM32F1xx_HAL_Driver/Src/stm32f1xx_hal_cortex.o
 .debug_ranges  0x00000000000002f0       0x48 ./Drivers/STM32F1xx_HAL_Driver/Src/stm32f1xx_hal_gpio.o
 .debug_ranges  0x0000000000000338       0x80 ./Drivers/STM32F1xx_HAL_Driver/Src/stm32f1xx_hal_rcc.o
 .debug_ranges  0x00000000000003b8      0x3c0 ./Drivers/STM32F1xx_HAL_Driver/Src/stm32f1xx_hal_tim.o
 .debug_ranges  0x0000000000000778      0x158 ./Drivers/STM32F1xx_HAL_Driver/Src/stm32f1xx_hal_tim_ex.o

.debug_macro    0x0000000000000000    0x1760f
 .debug_macro   0x0000000000000000      0x342 ./Core/Src/ex7.o
 .debug_macro   0x0000000000000342      0xa9c ./Core/Src/ex7.o
 .debug_macro   0x0000000000000dde       0x22 ./Core/Src/ex7.o
 .debug_macro   0x0000000000000e00       0x22 ./Core/Src/ex7.o
 .debug_macro   0x0000000000000e22       0x4c ./Core/Src/ex7.o
 .debug_macro   0x0000000000000e6e       0x18 ./Core/Src/ex7.o
 .debug_macro   0x0000000000000e86       0x94 ./Core/Src/ex7.o
 .debug_macro   0x0000000000000f1a       0x3c ./Core/Src/ex7.o
 .debug_macro   0x0000000000000f56       0x34 ./Core/Src/ex7.o
 .debug_macro   0x0000000000000f8a       0x16 ./Core/Src/ex7.o
 .debug_macro   0x0000000000000fa0       0x57 ./Core/Src/ex7.o
 .debug_macro   0x0000000000000ff7       0x97 ./Core/Src/ex7.o
 .debug_macro   0x000000000000108e      0x339 ./Core/Src/ex7.o
 .debug_macro   0x00000000000013c7       0xfd ./Core/Src/ex7.o
 .debug_macro   0x00000000000014c4       0x10 ./Core/Src/ex7.o
 .debug_macro   0x00000000000014d4       0x16 ./Core/Src/ex7.o
 .debug_macro   0x00000000000014ea       0x43 ./Core/Src/ex7.o
 .debug_macro   0x000000000000152d       0x34 ./Core/Src/ex7.o
 .debug_macro   0x0000000000001561       0x10 ./Core/Src/ex7.o
 .debug_macro   0x0000000000001571       0x58 ./Core/Src/ex7.o
 .debug_macro   0x00000000000015c9       0x71 ./Core/Src/ex7.o
 .debug_macro   0x000000000000163a       0x1c ./Core/Src/ex7.o
 .debug_macro   0x0000000000001656      0x12a ./Core/Src/ex7.o
 .debug_macro   0x0000000000001780       0x10 ./Core/Src/ex7.o
 .debug_macro   0x0000000000001790       0x6a ./Core/Src/ex7.o
 .debug_macro   0x00000000000017fa       0x1c ./Core/Src/ex7.o
 .debug_macro   0x0000000000001816       0x52 ./Core/Src/ex7.o
 .debug_macro   0x0000000000001868       0x22 ./Core/Src/ex7.o
 .debug_macro   0x000000000000188a       0x10 ./Core/Src/ex7.o
 .debug_macro   0x000000000000189a       0x40 ./Core/Src/ex7.o
 .debug_macro   0x00000000000018da       0xd5 ./Core/Src/ex7.o
 .debug_macro   0x00000000000019af       0x1c ./Core/Src/ex7.o
 .debug_macro   0x00000000000019cb       0x3d ./Core/Src/ex7.o
 .debug_macro   0x0000000000001a08       0x16 ./Core/Src/ex7.o
 .debug_macro   0x0000000000001a1e      0x145 ./Core/Src/ex7.o
 .debug_macro   0x0000000000001b63       0x16 ./Core/Src/ex7.o
 .debug_macro   0x0000000000001b79       0x35 ./Core/Src/ex7.o
 .debug_macro   0x0000000000001bae       0x20 ./Core/Src/ex7.o
 .debug_macro   0x0000000000001bce      0x215 ./Core/Src/ex7.o
 .debug_macro   0x0000000000001de3       0x2e ./Core/Src/ex7.o
 .debug_macro   0x0000000000001e11       0x22 ./Core/Src/ex7.o
 .debug_macro   0x0000000000001e33      0x103 ./Core/Src/ex7.o
 .debug_macro   0x0000000000001f36      0x1df ./Core/Src/ex7.o
 .debug_macro   0x0000000000002115       0x1c ./Core/Src/ex7.o
 .debug_macro   0x0000000000002131       0x22 ./Core/Src/ex7.o
 .debug_macro   0x0000000000002153       0xbd ./Core/Src/ex7.o
 .debug_macro   0x0000000000002210      0xd23 ./Core/Src/ex7.o
 .debug_macro   0x0000000000002f33     0xde75 ./Core/Src/ex7.o
 .debug_macro   0x0000000000010da8       0x6d ./Core/Src/ex7.o
 .debug_macro   0x0000000000010e15     0x34a2 ./Core/Src/ex7.o
 .debug_macro   0x00000000000142b7       0x56 ./Core/Src/ex7.o
 .debug_macro   0x000000000001430d      0x5bc ./Core/Src/ex7.o
 .debug_macro   0x00000000000148c9      0x1b7 ./Core/Src/ex7.o
 .debug_macro   0x0000000000014a80      0x1cb ./Core/Src/ex7.o
 .debug_macro   0x0000000000014c4b      0x114 ./Core/Src/ex7.o
 .debug_macro   0x0000000000014d5f      0x1b2 ./Core/Src/ex7.o
 .debug_macro   0x0000000000014f11       0x27 ./Core/Src/ex7.o
 .debug_macro   0x0000000000014f38      0x12f ./Core/Src/ex7.o
 .debug_macro   0x0000000000015067      0x1bc ./Core/Src/ex7.o
 .debug_macro   0x0000000000015223       0x34 ./Core/Src/ex7.o
 .debug_macro   0x0000000000015257       0x3c ./Core/Src/ex7.o
 .debug_macro   0x0000000000015293       0x57 ./Core/Src/ex7.o
 .debug_macro   0x00000000000152ea       0x87 ./Core/Src/ex7.o
 .debug_macro   0x0000000000015371      0x183 ./Core/Src/ex7.o
 .debug_macro   0x00000000000154f4      0x140 ./Core/Src/ex7.o
 .debug_macro   0x0000000000015634      0x8ed ./Core/Src/ex7.o
 .debug_macro   0x0000000000015f21       0x69 ./Core/Src/ex7.o
 .debug_macro   0x0000000000015f8a       0xa0 ./Core/Src/ex7.o
 .debug_macro   0x000000000001602a      0x1a6 ./Core/Src/main.o
 .debug_macro   0x00000000000161d0       0x8e ./Core/Src/main.o
 .debug_macro   0x000000000001625e       0x51 ./Core/Src/main.o
 .debug_macro   0x00000000000162af       0xc3 ./Core/Src/main.o
 .debug_macro   0x0000000000016372      0x174 ./Core/Src/main.o
 .debug_macro   0x00000000000164e6       0x5c ./Core/Src/main.o
 .debug_macro   0x0000000000016542      0x1b4 ./Core/Src/software_timer.o
 .debug_macro   0x00000000000166f6      0x1a6 ./Core/Src/stm32f1xx_hal_msp.o
 .debug_macro   0x000000000001689c      0x1b0 ./Core/Src/stm32f1xx_it.o
 .debug_macro   0x0000000000016a4c      0x197 ./Core/Src/system_stm32f1xx.o
 .debug_macro   0x0000000000016be3      0x1bb ./Drivers/STM32F1xx_HAL_Driver/Src/stm32f1xx_hal.o
 .debug_macro   0x0000000000016d9e      0x197 ./Drivers/STM32F1xx_HAL_Driver/Src/stm32f1xx_hal_cortex.o
 .debug_macro   0x0000000000016f35      0x202 ./Drivers/STM32F1xx_HAL_Driver/Src/stm32f1xx_hal_gpio.o
 .debug_macro   0x0000000000017137      0x1a9 ./Drivers/STM32F1xx_HAL_Driver/Src/stm32f1xx_hal_rcc.o
 .debug_macro   0x00000000000172e0      0x198 ./Drivers/STM32F1xx_HAL_Driver/Src/stm32f1xx_hal_tim.o
 .debug_macro   0x0000000000017478      0x197 ./Drivers/STM32F1xx_HAL_Driver/Src/stm32f1xx_hal_tim_ex.o

.debug_line     0x0000000000000000     0xa37c
 .debug_line    0x0000000000000000      0x952 ./Core/Src/ex7.o
 .debug_line    0x0000000000000952      0x799 ./Core/Src/main.o
 .debug_line    0x00000000000010eb      0x70a ./Core/Src/software_timer.o
 .debug_line    0x00000000000017f5      0x6a1 ./Core/Src/stm32f1xx_hal_msp.o
 .debug_line    0x0000000000001e96      0x73f ./Core/Src/stm32f1xx_it.o
 .debug_line    0x00000000000025d5      0x6e3 ./Core/Src/system_stm32f1xx.o
 .debug_line    0x0000000000002cb8       0x86 ./Core/Startup/startup_stm32f103c6ux.o
 .debug_line    0x0000000000002d3e      0x910 ./Drivers/STM32F1xx_HAL_Driver/Src/stm32f1xx_hal.o
 .debug_line    0x000000000000364e      0xaf8 ./Drivers/STM32F1xx_HAL_Driver/Src/stm32f1xx_hal_cortex.o
 .debug_line    0x0000000000004146      0x993 ./Drivers/STM32F1xx_HAL_Driver/Src/stm32f1xx_hal_gpio.o
 .debug_line    0x0000000000004ad9      0xd1c ./Drivers/STM32F1xx_HAL_Driver/Src/stm32f1xx_hal_rcc.o
 .debug_line    0x00000000000057f5     0x3361 ./Drivers/STM32F1xx_HAL_Driver/Src/stm32f1xx_hal_tim.o
 .debug_line    0x0000000000008b56     0x1826 ./Drivers/STM32F1xx_HAL_Driver/Src/stm32f1xx_hal_tim_ex.o

.debug_str      0x0000000000000000    0x861cf
 .debug_str     0x0000000000000000    0x83bcb ./Core/Src/ex7.o
                                      0x84044 (size before relaxing)
 .debug_str     0x0000000000083bcb      0x334 ./Core/Src/main.o
                                      0x8012a (size before relaxing)
 .debug_str     0x0000000000083eff       0x7e ./Core/Src/software_timer.o
                                      0x7fe94 (size before relaxing)
 .debug_str     0x0000000000083f7d      0x2ba ./Core/Src/stm32f1xx_hal_msp.o
                                      0x80127 (size before relaxing)
 .debug_str     0x0000000000084237       0xcd ./Core/Src/stm32f1xx_it.o
                                      0x7fe89 (size before relaxing)
 .debug_str     0x0000000000084304       0x52 ./Core/Src/system_stm32f1xx.o
                                      0x7f77e (size before relaxing)
 .debug_str     0x0000000000084356       0x36 ./Core/Startup/startup_stm32f103c6ux.o
                                         0x72 (size before relaxing)
 .debug_str     0x000000000008438c      0x304 ./Drivers/STM32F1xx_HAL_Driver/Src/stm32f1xx_hal.o
                                      0x7fdd5 (size before relaxing)
 .debug_str     0x0000000000084690      0x300 ./Drivers/STM32F1xx_HAL_Driver/Src/stm32f1xx_hal_cortex.o
                                      0x7fddd (size before relaxing)
 .debug_str     0x0000000000084990      0x324 ./Drivers/STM32F1xx_HAL_Driver/Src/stm32f1xx_hal_gpio.o
                                      0x7fb42 (size before relaxing)
 .debug_str     0x0000000000084cb4      0x24f ./Drivers/STM32F1xx_HAL_Driver/Src/stm32f1xx_hal_rcc.o
                                      0x7fb7b (size before relaxing)
 .debug_str     0x0000000000084f03      0xdde ./Drivers/STM32F1xx_HAL_Driver/Src/stm32f1xx_hal_tim.o
                                      0x80b64 (size before relaxing)
 .debug_str     0x0000000000085ce1      0x4ee ./Drivers/STM32F1xx_HAL_Driver/Src/stm32f1xx_hal_tim_ex.o
                                      0x80305 (size before relaxing)

.comment        0x0000000000000000       0x53
 .comment       0x0000000000000000       0x53 ./Core/Src/ex7.o
                                         0x54 (size before relaxing)
 .comment       0x0000000000000053       0x54 ./Core/Src/main.o
 .comment       0x0000000000000053       0x54 ./Core/Src/software_timer.o
 .comment       0x0000000000000053       0x54 ./Core/Src/stm32f1xx_hal_msp.o
 .comment       0x0000000000000053       0x54 ./Core/Src/stm32f1xx_it.o
 .comment       0x0000000000000053       0x54 ./Core/Src/system_stm32f1xx.o
 .comment       0x0000000000000053       0x54 ./Drivers/STM32F1xx_HAL_Driver/Src/stm32f1xx_hal.o
 .comment       0x0000000000000053       0x54 ./Drivers/STM32F1xx_HAL_Driver/Src/stm32f1xx_hal_cortex.o
 .comment       0x0000000000000053       0x54 ./Drivers/STM32F1xx_HAL_Driver/Src/stm32f1xx_hal_gpio.o
 .comment       0x0000000000000053       0x54 ./Drivers/STM32F1xx_HAL_Driver/Src/stm32f1xx_hal_rcc.o
 .comment       0x0000000000000053       0x54 ./Drivers/STM32F1xx_HAL_Driver/Src/stm32f1xx_hal_tim.o
 .comment       0x0000000000000053       0x54 ./Drivers/STM32F1xx_HAL_Driver/Src/stm32f1xx_hal_tim_ex.o

.debug_frame    0x0000000000000000     0x26f0
 .debug_frame   0x0000000000000000       0xa4 ./Core/Src/ex7.o
 .debug_frame   0x00000000000000a4       0xb4 ./Core/Src/main.o
 .debug_frame   0x0000000000000158       0xa8 ./Core/Src/software_timer.o
 .debug_frame   0x0000000000000200       0x80 ./Core/Src/stm32f1xx_hal_msp.o
 .debug_frame   0x0000000000000280      0x120 ./Core/Src/stm32f1xx_it.o
 .debug_frame   0x00000000000003a0       0x58 ./Core/Src/system_stm32f1xx.o
 .debug_frame   0x00000000000003f8      0x334 ./Drivers/STM32F1xx_HAL_Driver/Src/stm32f1xx_hal.o
 .debug_frame   0x000000000000072c      0x428 ./Drivers/STM32F1xx_HAL_Driver/Src/stm32f1xx_hal_cortex.o
 .debug_frame   0x0000000000000b54      0x14c ./Drivers/STM32F1xx_HAL_Driver/Src/stm32f1xx_hal_gpio.o
 .debug_frame   0x0000000000000ca0      0x218 ./Drivers/STM32F1xx_HAL_Driver/Src/stm32f1xx_hal_rcc.o
 .debug_frame   0x0000000000000eb8     0x11b4 ./Drivers/STM32F1xx_HAL_Driver/Src/stm32f1xx_hal_tim.o
 .debug_frame   0x000000000000206c      0x638 ./Drivers/STM32F1xx_HAL_Driver/Src/stm32f1xx_hal_tim_ex.o
 .debug_frame   0x00000000000026a4       0x2c c:/st/stm32cubeide_1.7.0/stm32cubeide/plugins/com.st.stm32cube.ide.mcu.externaltools.gnu-tools-for-stm32.9-2020-q2-update.win32_2.0.0.202105311346/tools/bin/../lib/gcc/arm-none-eabi/9.3.1/../../../../arm-none-eabi/lib/thumb/v7-m/nofp\libc_nano.a(lib_a-init.o)
 .debug_frame   0x00000000000026d0       0x20 c:/st/stm32cubeide_1.7.0/stm32cubeide/plugins/com.st.stm32cube.ide.mcu.externaltools.gnu-tools-for-stm32.9-2020-q2-update.win32_2.0.0.202105311346/tools/bin/../lib/gcc/arm-none-eabi/9.3.1/../../../../arm-none-eabi/lib/thumb/v7-m/nofp\libc_nano.a(lib_a-memset.o)
