Archive member included to satisfy reference by file (symbol)

c:/st/stm32cubeide_1.7.0/stm32cubeide/plugins/com.st.stm32cube.ide.mcu.externaltools.gnu-tools-for-stm32.9-2020-q2-update.win32_2.0.0.202105311346/tools/bin/../lib/gcc/arm-none-eabi/9.3.1/../../../../arm-none-eabi/lib/thumb/v7-m/nofp\libc_nano.a(lib_a-errno.o)
                              ./Core/Src/syscalls.o (__errno)
c:/st/stm32cubeide_1.7.0/stm32cubeide/plugins/com.st.stm32cube.ide.mcu.externaltools.gnu-tools-for-stm32.9-2020-q2-update.win32_2.0.0.202105311346/tools/bin/../lib/gcc/arm-none-eabi/9.3.1/../../../../arm-none-eabi/lib/thumb/v7-m/nofp\libc_nano.a(lib_a-exit.o)
                              c:/st/stm32cubeide_1.7.0/stm32cubeide/plugins/com.st.stm32cube.ide.mcu.externaltools.gnu-tools-for-stm32.9-2020-q2-update.win32_2.0.0.202105311346/tools/bin/../lib/gcc/arm-none-eabi/9.3.1/../../../../arm-none-eabi/lib/thumb/v7-m/nofp/crt0.o (exit)
c:/st/stm32cubeide_1.7.0/stm32cubeide/plugins/com.st.stm32cube.ide.mcu.externaltools.gnu-tools-for-stm32.9-2020-q2-update.win32_2.0.0.202105311346/tools/bin/../lib/gcc/arm-none-eabi/9.3.1/../../../../arm-none-eabi/lib/thumb/v7-m/nofp\libc_nano.a(lib_a-impure.o)
                              c:/st/stm32cubeide_1.7.0/stm32cubeide/plugins/com.st.stm32cube.ide.mcu.externaltools.gnu-tools-for-stm32.9-2020-q2-update.win32_2.0.0.202105311346/tools/bin/../lib/gcc/arm-none-eabi/9.3.1/../../../../arm-none-eabi/lib/thumb/v7-m/nofp\libc_nano.a(lib_a-exit.o) (_global_impure_ptr)
c:/st/stm32cubeide_1.7.0/stm32cubeide/plugins/com.st.stm32cube.ide.mcu.externaltools.gnu-tools-for-stm32.9-2020-q2-update.win32_2.0.0.202105311346/tools/bin/../lib/gcc/arm-none-eabi/9.3.1/../../../../arm-none-eabi/lib/thumb/v7-m/nofp\libc_nano.a(lib_a-init.o)
                              c:/st/stm32cubeide_1.7.0/stm32cubeide/plugins/com.st.stm32cube.ide.mcu.externaltools.gnu-tools-for-stm32.9-2020-q2-update.win32_2.0.0.202105311346/tools/bin/../lib/gcc/arm-none-eabi/9.3.1/../../../../arm-none-eabi/lib/thumb/v7-m/nofp/crt0.o (__libc_init_array)
c:/st/stm32cubeide_1.7.0/stm32cubeide/plugins/com.st.stm32cube.ide.mcu.externaltools.gnu-tools-for-stm32.9-2020-q2-update.win32_2.0.0.202105311346/tools/bin/../lib/gcc/arm-none-eabi/9.3.1/../../../../arm-none-eabi/lib/thumb/v7-m/nofp\libc_nano.a(lib_a-memset.o)
                              c:/st/stm32cubeide_1.7.0/stm32cubeide/plugins/com.st.stm32cube.ide.mcu.externaltools.gnu-tools-for-stm32.9-2020-q2-update.win32_2.0.0.202105311346/tools/bin/../lib/gcc/arm-none-eabi/9.3.1/../../../../arm-none-eabi/lib/thumb/v7-m/nofp/crt0.o (memset)

Allocating common symbols
Common symbol       size              file

uwTick              0x4               ./Drivers/STM32F1xx_HAL_Driver/Src/stm32f1xx_hal.o
pFlash              0x20              ./Drivers/STM32F1xx_HAL_Driver/Src/stm32f1xx_hal_flash.o
htim2               0x48              ./Core/Src/main.o

Discarded input sections

 .text          0x0000000000000000        0x0 c:/st/stm32cubeide_1.7.0/stm32cubeide/plugins/com.st.stm32cube.ide.mcu.externaltools.gnu-tools-for-stm32.9-2020-q2-update.win32_2.0.0.202105311346/tools/bin/../lib/gcc/arm-none-eabi/9.3.1/thumb/v7-m/nofp/crti.o
 .data          0x0000000000000000        0x0 c:/st/stm32cubeide_1.7.0/stm32cubeide/plugins/com.st.stm32cube.ide.mcu.externaltools.gnu-tools-for-stm32.9-2020-q2-update.win32_2.0.0.202105311346/tools/bin/../lib/gcc/arm-none-eabi/9.3.1/thumb/v7-m/nofp/crti.o
 .bss           0x0000000000000000        0x0 c:/st/stm32cubeide_1.7.0/stm32cubeide/plugins/com.st.stm32cube.ide.mcu.externaltools.gnu-tools-for-stm32.9-2020-q2-update.win32_2.0.0.202105311346/tools/bin/../lib/gcc/arm-none-eabi/9.3.1/thumb/v7-m/nofp/crti.o
 .data          0x0000000000000000        0x4 c:/st/stm32cubeide_1.7.0/stm32cubeide/plugins/com.st.stm32cube.ide.mcu.externaltools.gnu-tools-for-stm32.9-2020-q2-update.win32_2.0.0.202105311346/tools/bin/../lib/gcc/arm-none-eabi/9.3.1/thumb/v7-m/nofp/crtbegin.o
 .text          0x0000000000000000       0x7c c:/st/stm32cubeide_1.7.0/stm32cubeide/plugins/com.st.stm32cube.ide.mcu.externaltools.gnu-tools-for-stm32.9-2020-q2-update.win32_2.0.0.202105311346/tools/bin/../lib/gcc/arm-none-eabi/9.3.1/../../../../arm-none-eabi/lib/thumb/v7-m/nofp/crt0.o
 .data          0x0000000000000000        0x0 c:/st/stm32cubeide_1.7.0/stm32cubeide/plugins/com.st.stm32cube.ide.mcu.externaltools.gnu-tools-for-stm32.9-2020-q2-update.win32_2.0.0.202105311346/tools/bin/../lib/gcc/arm-none-eabi/9.3.1/../../../../arm-none-eabi/lib/thumb/v7-m/nofp/crt0.o
 .bss           0x0000000000000000        0x0 c:/st/stm32cubeide_1.7.0/stm32cubeide/plugins/com.st.stm32cube.ide.mcu.externaltools.gnu-tools-for-stm32.9-2020-q2-update.win32_2.0.0.202105311346/tools/bin/../lib/gcc/arm-none-eabi/9.3.1/../../../../arm-none-eabi/lib/thumb/v7-m/nofp/crt0.o
[...]
Memory Configuration

Name             Origin             Length             Attributes
RAM              0x0000000020000000 0x0000000000002800 xrw
FLASH            0x0000000008000000 0x0000000000008000 xr
*default*        0x0000000000000000 0xffffffffffffffff

Linker script and memory map

LOAD c:/st/stm32cubeide_1.7.0/stm32cubeide/plugins/com.st.stm32cube.ide.mcu.externaltools.gnu-tools-for-stm32.9-2020-q2-update.win32_2.0.0.202105311346/tools/bin/../lib/gcc/arm-none-eabi/9.3.1/thumb/v7-m/nofp/crti.o
LOAD c:/st/stm32cubeide_1.7.0/stm32cubeide/plugins/com.st.stm32cube.ide.mcu.externaltools.gnu-tools-for-stm32.9-2020-q2-update.win32_2.0.0.202105311346/tools/bin/../lib/gcc/arm-none-eabi/9.3.1/thumb/v7-m/nofp/crtbegin.o
LOAD c:/st/stm32cubeide_1.7.0/stm32cubeide/plugins/com.st.stm32cube.ide.mcu.externaltools.gnu-tools-for-stm32.9-2020-q2-update.win32_2.0.0.202105311346/tools/bin/../lib/gcc/arm-none-eabi/9.3.1/../../../../arm-none-eabi/lib/thumb/v7-m/nofp/crt0.o
LOAD ./Core/Src/ex4.o
LOAD ./Core/Src/main.o
LOAD ./Core/Src/software_timer.o
LOAD ./Core/Src/stm32f1xx_hal_msp.o
LOAD ./Core/Src/stm32f1xx_it.o
LOAD ./Core/Src/syscalls.o
LOAD ./Core/Src/sysmem.o
LOAD ./Core/Src/system_stm32f1xx.o
LOAD ./Core/Startup/startup_stm32f103c6ux.o
LOAD ./Drivers/STM32F1xx_HAL_Driver/Src/stm32f1xx_hal.o
LOAD ./Drivers/STM32F1xx_HAL_Driver/Src/stm32f1xx_hal_cortex.o
LOAD ./Drivers/STM32F1xx_HAL_Driver/Src/stm32f1xx_hal_dma.o
LOAD ./Drivers/STM32F1xx_HAL_Driver/Src/stm32f1xx_hal_exti.o
LOAD ./Drivers/STM32F1xx_HAL_Driver/Src/stm32f1xx_hal_flash.o
LOAD ./Drivers/STM32F1xx_HAL_Driver/Src/stm32f1xx_hal_flash_ex.o
LOAD ./Drivers/STM32F1xx_HAL_Driver/Src/stm32f1xx_hal_gpio.o
LOAD ./Drivers/STM32F1xx_HAL_Driver/Src/stm32f1xx_hal_gpio_ex.o
LOAD ./Drivers/STM32F1xx_HAL_Driver/Src/stm32f1xx_hal_pwr.o
LOAD ./Drivers/STM32F1xx_HAL_Driver/Src/stm32f1xx_hal_rcc.o
LOAD ./Drivers/STM32F1xx_HAL_Driver/Src/stm32f1xx_hal_rcc_ex.o
LOAD ./Drivers/STM32F1xx_HAL_Driver/Src/stm32f1xx_hal_tim.o
LOAD ./Drivers/STM32F1xx_HAL_Driver/Src/stm32f1xx_hal_tim_ex.o
START GROUP
LOAD c:/st/stm32cubeide_1.7.0/stm32cubeide/plugins/com.st.stm32cube.ide.mcu.externaltools.gnu-tools-for-stm32.9-2020-q2-update.win32_2.0.0.202105311346/tools/bin/../lib/gcc/arm-none-eabi/9.3.1/../../../../arm-none-eabi/lib/thumb/v7-m/nofp\libc_nano.a
LOAD c:/st/stm32cubeide_1.7.0/stm32cubeide/plugins/com.st.stm32cube.ide.mcu.externaltools.gnu-tools-for-stm32.9-2020-q2-update.win32_2.0.0.202105311346/tools/bin/../lib/gcc/arm-none-eabi/9.3.1/../../../../arm-none-eabi/lib/thumb/v7-m/nofp\libm.a
END GROUP
START GROUP
LOAD c:/st/stm32cubeide_1.7.0/stm32cubeide/plugins/com.st.stm32cube.ide.mcu.externaltools.gnu-tools-for-stm32.9-2020-q2-update.win32_2.0.0.202105311346/tools/bin/../lib/gcc/arm-none-eabi/9.3.1/thumb/v7-m/nofp\libgcc.a
LOAD c:/st/stm32cubeide_1.7.0/stm32cubeide/plugins/com.st.stm32cube.ide.mcu.externaltools.gnu-tools-for-stm32.9-2020-q2-update.win32_2.0.0.202105311346/tools/bin/../lib/gcc/arm-none-eabi/9.3.1/../../../../arm-none-eabi/lib/thumb/v7-m/nofp\libc_nano.a
END GROUP
START GROUP
LOAD c:/st/stm32cubeide_1.7.0/stm32cubeide/plugins/com.st.stm32cube.ide.mcu.externaltools.gnu-tools-for-stm32.9-2020-q2-update.win32_2.0.0.202105311346/tools/bin/../lib/gcc/arm-none-eabi/9.3.1/thumb/v7-m/nofp\libgcc.a
LOAD c:/st/stm32cubeide_1.7.0/stm32cubeide/plugins/com.st.stm32cube.ide.mcu.externaltools.gnu-tools-for-stm32.9-2020-q2-update.win32_2.0.0.202105311346/tools/bin/../lib/gcc/arm-none-eabi/9.3.1/../../../../arm-none-eabi/lib/thumb/v7-m/nofp\libc_nano.a
LOAD c:/st/stm32cubeide_1.7.0/stm32cubeide/plugins/com.st.stm32cube.ide.mcu.externaltools.gnu-tools-for-stm32.9-2020-q2-update.win32_2.0.0.202105311346/tools/bin/../lib/gcc/arm-none-eabi/9.3.1/../../../../arm-none-eabi/lib/thumb/v7-m/nofp\libnosys.a
END GROUP
START GROUP
LOAD c:/st/stm32cubeide_1.7.0/stm32cubeide/plugins/com.st.stm32cube.ide.mcu.externaltools.gnu-tools-for-stm32.9-2020-q2-update.win32_2.0.0.202105311346/tools/bin/../lib/gcc/arm-none-eabi/9.3.1/thumb/v7-m/nofp\libgcc.a
LOAD c:/st/stm32cubeide_1.7.0/stm32cubeide/plugins/com.st.stm32cube.ide.mcu.externaltools.gnu-tools-for-stm32.9-2020-q2-update.win32_2.0.0.202105311346/tools/bin/../lib/gcc/arm-none-eabi/9.3.1/../../../../arm-none-eabi/lib/thumb/v7-m/nofp\libc_nano.a
LOAD c:/st/stm32cubeide_1.7.0/stm32cubeide/plugins/com.st.stm32cube.ide.mcu.externaltools.gnu-tools-for-stm32.9-2020-q2-update.win32_2.0.0.202105311346/tools/bin/../lib/gcc/arm-none-eabi/9.3.1/../../../../arm-none-eabi/lib/thumb/v7-m/nofp\libnosys.a
END GROUP
LOAD c:/st/stm32cubeide_1.7.0/stm32cubeide/plugins/com.st.stm32cube.ide.mcu.externaltools.gnu-tools-for-stm32.9-2020-q2-update.win32_2.0.0.202105311346/tools/bin/../lib/gcc/arm-none-eabi/9.3.1/thumb/v7-m/nofp/crtend.o
LOAD c:/st/stm32cubeide_1.7.0/stm32cubeide/plugins/com.st.stm32cube.ide.mcu.externaltools.gnu-tools-for-stm32.9-2020-q2-update.win32_2.0.0.202105311346/tools/bin/../lib/gcc/arm-none-eabi/9.3.1/thumb/v7-m/nofp/crtn.o
                0x0000000020002800                _estack = (ORIGIN (RAM) + LENGTH (RAM))
                0x0000000000000200                _Min_Heap_Size = 0x200
                0x0000000000000400                _Min_Stack_Size = 0x400

.isr_vector     0x0000000008000000      0x10c
                0x0000000008000000                . = ALIGN (0x4)
 *(.isr_vector)
 .isr_vector    0x0000000008000000      0x10c ./Core/Startup/startup_stm32f103c6ux.o
                0x0000000008000000                g_pfnVectors
                0x000000000800010c                . = ALIGN (0x4)

.text           0x000000000800010c     0x1d04
                0x000000000800010c                . = ALIGN (0x4)
 *(.text)
 .text          0x000000000800010c       0x40 c:/st/stm32cubeide_1.7.0/stm32cubeide/plugins/com.st.stm32cube.ide.mcu.externaltools.gnu-tools-for-stm32.9-2020-q2-update.win32_2.0.0.202105311346/tools/bin/../lib/gcc/arm-none-eabi/9.3.1/thumb/v7-m/nofp/crtbegin.o
 *(.text*)
 .text.display7SEG
                0x000000000800014c       0xf4 ./Core/Src/ex4.o
                0x000000000800014c                display7SEG
 .text.HAL_TIM_PeriodElapsedCallback
                0x0000000008000240       0x80 ./Core/Src/ex4.o
                0x0000000008000240                HAL_TIM_PeriodElapsedCallback
 .text.update7SEG
                0x00000000080002c0      0x118 ./Core/Src/ex4.o
                0x00000000080002c0                update7SEG
 .text.main     0x00000000080003d8       0x26 ./Core/Src/main.o
                0x00000000080003d8                main
 .text.SystemClock_Config
                0x00000000080003fe       0x76 ./Core/Src/main.o
                0x00000000080003fe                SystemClock_Config
 .text.MX_TIM2_Init
                0x0000000008000474       0x98 ./Core/Src/main.o
 .text.MX_GPIO_Init
                0x000000000800050c       0xa8 ./Core/Src/main.o
 .text.Error_Handler
                0x00000000080005b4        0xa ./Core/Src/main.o
                0x00000000080005b4                Error_Handler
 *fill*         0x00000000080005be        0x2 
 .text.timer_init
                0x00000000080005c0       0x14 ./Core/Src/software_timer.o
                0x00000000080005c0                timer_init
 .text.setTimer
                0x00000000080005d4       0x2e ./Core/Src/software_timer.o
                0x00000000080005d4                setTimer
 *fill*         0x0000000008000602        0x2 
 .text.setTimer2
                0x0000000008000604       0x2c ./Core/Src/software_timer.o
                0x0000000008000604                setTimer2
 .text.runTimer
                0x0000000008000630       0x40 ./Core/Src/software_timer.o
                0x0000000008000630                runTimer
 .text.timer2_run
                0x0000000008000670       0x20 ./Core/Src/software_timer.o
                0x0000000008000670                timer2_run
 .text.HAL_MspInit
                0x0000000008000690       0x64 ./Core/Src/stm32f1xx_hal_msp.o
                0x0000000008000690                HAL_MspInit
 .text.HAL_TIM_Base_MspInit
                0x00000000080006f4       0x48 ./Core/Src/stm32f1xx_hal_msp.o
                0x00000000080006f4                HAL_TIM_Base_MspInit
 .text.NMI_Handler
                0x000000000800073c        0x6 ./Core/Src/stm32f1xx_it.o
                0x000000000800073c                NMI_Handler
 .text.HardFault_Handler
                0x0000000008000742        0x6 ./Core/Src/stm32f1xx_it.o
                0x0000000008000742                HardFault_Handler
 .text.MemManage_Handler
                0x0000000008000748        0x6 ./Core/Src/stm32f1xx_it.o
                0x0000000008000748                MemManage_Handler
 .text.BusFault_Handler
                0x000000000800074e        0x6 ./Core/Src/stm32f1xx_it.o
                0x000000000800074e                BusFault_Handler
 .text.UsageFault_Handler
                0x0000000008000754        0x6 ./Core/Src/stm32f1xx_it.o
                0x0000000008000754                UsageFault_Handler
 .text.SVC_Handler
                0x000000000800075a        0xc ./Core/Src/stm32f1xx_it.o
                0x000000000800075a                SVC_Handler
 .text.DebugMon_Handler
                0x0000000008000766        0xc ./Core/Src/stm32f1xx_it.o
                0x0000000008000766                DebugMon_Handler
 .text.PendSV_Handler
                0x0000000008000772        0xc ./Core/Src/stm32f1xx_it.o
                0x0000000008000772                PendSV_Handler
 .text.SysTick_Handler
                0x000000000800077e        0xc ./Core/Src/stm32f1xx_it.o
                0x000000000800077e                SysTick_Handler
 *fill*         0x000000000800078a        0x2 
 .text.TIM2_IRQHandler
                0x000000000800078c       0x14 ./Core/Src/stm32f1xx_it.o
                0x000000000800078c                TIM2_IRQHandler
 .text.SystemInit
                0x00000000080007a0        0xc ./Core/Src/system_stm32f1xx.o
                0x00000000080007a0                SystemInit
 .text.Reset_Handler
                0x00000000080007ac       0x48 ./Core/Startup/startup_stm32f103c6ux.o
                0x00000000080007ac                Reset_Handler
 .text.Default_Handler
                0x00000000080007f4        0x2 ./Core/Startup/startup_stm32f103c6ux.o
                0x00000000080007f4                RTC_Alarm_IRQHandler
                0x00000000080007f4                EXTI2_IRQHandler
                0x00000000080007f4                TIM1_CC_IRQHandler
                0x00000000080007f4                PVD_IRQHandler
                0x00000000080007f4                EXTI3_IRQHandler
                0x00000000080007f4                EXTI0_IRQHandler
                0x00000000080007f4                ADC1_2_IRQHandler
                0x00000000080007f4                SPI1_IRQHandler
                0x00000000080007f4                TAMPER_IRQHandler
                0x00000000080007f4                DMA1_Channel4_IRQHandler
                0x00000000080007f4                RTC_IRQHandler
                0x00000000080007f4                DMA1_Channel7_IRQHandler
                0x00000000080007f4                CAN1_RX1_IRQHandler
                0x00000000080007f4                I2C1_EV_IRQHandler
                0x00000000080007f4                DMA1_Channel6_IRQHandler
                0x00000000080007f4                TIM3_IRQHandler
                0x00000000080007f4                RCC_IRQHandler
                0x00000000080007f4                TIM1_TRG_COM_IRQHandler
                0x00000000080007f4                DMA1_Channel1_IRQHandler
                0x00000000080007f4                Default_Handler
                0x00000000080007f4                EXTI15_10_IRQHandler
                0x00000000080007f4                EXTI9_5_IRQHandler
                0x00000000080007f4                DMA1_Channel5_IRQHandler
                0x00000000080007f4                EXTI4_IRQHandler
                0x00000000080007f4                USB_LP_CAN1_RX0_IRQHandler
                0x00000000080007f4                USB_HP_CAN1_TX_IRQHandler
                0x00000000080007f4                DMA1_Channel3_IRQHandler
                0x00000000080007f4                TIM1_UP_IRQHandler
                0x00000000080007f4                WWDG_IRQHandler
                0x00000000080007f4                TIM1_BRK_IRQHandler
                0x00000000080007f4                EXTI1_IRQHandler
                0x00000000080007f4                USART2_IRQHandler
                0x00000000080007f4                DMA1_Channel2_IRQHandler
                0x00000000080007f4                CAN1_SCE_IRQHandler
                0x00000000080007f4                FLASH_IRQHandler
                0x00000000080007f4                USART1_IRQHandler
                0x00000000080007f4                I2C1_ER_IRQHandler
                0x00000000080007f4                USBWakeUp_IRQHandler
 *fill*         0x00000000080007f6        0x2 
 .text.HAL_Init
                0x00000000080007f8       0x2c ./Drivers/STM32F1xx_HAL_Driver/Src/stm32f1xx_hal.o
                0x00000000080007f8                HAL_Init
 .text.HAL_InitTick
                0x0000000008000824       0x60 ./Drivers/STM32F1xx_HAL_Driver/Src/stm32f1xx_hal.o
                0x0000000008000824                HAL_InitTick
 .text.HAL_IncTick
                0x0000000008000884       0x24 ./Drivers/STM32F1xx_HAL_Driver/Src/stm32f1xx_hal.o
                0x0000000008000884                HAL_IncTick
 .text.HAL_GetTick
                0x00000000080008a8       0x14 ./Drivers/STM32F1xx_HAL_Driver/Src/stm32f1xx_hal.o
                0x00000000080008a8                HAL_GetTick
 .text.__NVIC_SetPriorityGrouping
                0x00000000080008bc       0x48 ./Drivers/STM32F1xx_HAL_Driver/Src/stm32f1xx_hal_cortex.o
 .text.__NVIC_GetPriorityGrouping
                0x0000000008000904       0x1c ./Drivers/STM32F1xx_HAL_Driver/Src/stm32f1xx_hal_cortex.o
 .text.__NVIC_EnableIRQ
                0x0000000008000920       0x38 ./Drivers/STM32F1xx_HAL_Driver/Src/stm32f1xx_hal_cortex.o
 .text.__NVIC_SetPriority
                0x0000000008000958       0x54 ./Drivers/STM32F1xx_HAL_Driver/Src/stm32f1xx_hal_cortex.o
 .text.NVIC_EncodePriority
                0x00000000080009ac       0x64 ./Drivers/STM32F1xx_HAL_Driver/Src/stm32f1xx_hal_cortex.o
 .text.SysTick_Config
                0x0000000008000a10       0x44 ./Drivers/STM32F1xx_HAL_Driver/Src/stm32f1xx_hal_cortex.o
 .text.HAL_NVIC_SetPriorityGrouping
                0x0000000008000a54       0x16 ./Drivers/STM32F1xx_HAL_Driver/Src/stm32f1xx_hal_cortex.o
                0x0000000008000a54                HAL_NVIC_SetPriorityGrouping
 .text.HAL_NVIC_SetPriority
                0x0000000008000a6a       0x38 ./Drivers/STM32F1xx_HAL_Driver/Src/stm32f1xx_hal_cortex.o
                0x0000000008000a6a                HAL_NVIC_SetPriority
 .text.HAL_NVIC_EnableIRQ
                0x0000000008000aa2       0x1c ./Drivers/STM32F1xx_HAL_Driver/Src/stm32f1xx_hal_cortex.o
                0x0000000008000aa2                HAL_NVIC_EnableIRQ
 .text.HAL_SYSTICK_Config
                0x0000000008000abe       0x18 ./Drivers/STM32F1xx_HAL_Driver/Src/stm32f1xx_hal_cortex.o
                0x0000000008000abe                HAL_SYSTICK_Config
 *fill*         0x0000000008000ad6        0x2 
 .text.HAL_GPIO_Init
                0x0000000008000ad8      0x2f4 ./Drivers/STM32F1xx_HAL_Driver/Src/stm32f1xx_hal_gpio.o
                0x0000000008000ad8                HAL_GPIO_Init
 .text.HAL_GPIO_WritePin
                0x0000000008000dcc       0x30 ./Drivers/STM32F1xx_HAL_Driver/Src/stm32f1xx_hal_gpio.o
                0x0000000008000dcc                HAL_GPIO_WritePin
 .text.HAL_GPIO_TogglePin
                0x0000000008000dfc       0x32 ./Drivers/STM32F1xx_HAL_Driver/Src/stm32f1xx_hal_gpio.o
                0x0000000008000dfc                HAL_GPIO_TogglePin
 *fill*         0x0000000008000e2e        0x2 
 .text.HAL_RCC_OscConfig
                0x0000000008000e30      0x500 ./Drivers/STM32F1xx_HAL_Driver/Src/stm32f1xx_hal_rcc.o
                0x0000000008000e30                HAL_RCC_OscConfig
 .text.HAL_RCC_ClockConfig
                0x0000000008001330      0x1d4 ./Drivers/STM32F1xx_HAL_Driver/Src/stm32f1xx_hal_rcc.o
                0x0000000008001330                HAL_RCC_ClockConfig
 .text.HAL_RCC_GetSysClockFreq
                0x0000000008001504       0xa8 ./Drivers/STM32F1xx_HAL_Driver/Src/stm32f1xx_hal_rcc.o
                0x0000000008001504                HAL_RCC_GetSysClockFreq
 .text.RCC_Delay
                0x00000000080015ac       0x3c ./Drivers/STM32F1xx_HAL_Driver/Src/stm32f1xx_hal_rcc.o
 .text.HAL_TIM_Base_Init
                0x00000000080015e8       0x9e ./Drivers/STM32F1xx_HAL_Driver/Src/stm32f1xx_hal_tim.o
                0x00000000080015e8                HAL_TIM_Base_Init
 *fill*         0x0000000008001686        0x2 
 .text.HAL_TIM_Base_Start_IT
                0x0000000008001688       0x98 ./Drivers/STM32F1xx_HAL_Driver/Src/stm32f1xx_hal_tim.o
                0x0000000008001688                HAL_TIM_Base_Start_IT
 .text.HAL_TIM_IRQHandler
                0x0000000008001720      0x1e0 ./Drivers/STM32F1xx_HAL_Driver/Src/stm32f1xx_hal_tim.o
                0x0000000008001720                HAL_TIM_IRQHandler
 .text.HAL_TIM_ConfigClockSource
                0x0000000008001900      0x18e ./Drivers/STM32F1xx_HAL_Driver/Src/stm32f1xx_hal_tim.o
                0x0000000008001900                HAL_TIM_ConfigClockSource
 .text.HAL_TIM_OC_DelayElapsedCallback
                0x0000000008001a8e       0x12 ./Drivers/STM32F1xx_HAL_Driver/Src/stm32f1xx_hal_tim.o
                0x0000000008001a8e                HAL_TIM_OC_DelayElapsedCallback
 .text.HAL_TIM_IC_CaptureCallback
                0x0000000008001aa0       0x12 ./Drivers/STM32F1xx_HAL_Driver/Src/stm32f1xx_hal_tim.o
                0x0000000008001aa0                HAL_TIM_IC_CaptureCallback
 .text.HAL_TIM_PWM_PulseFinishedCallback
                0x0000000008001ab2       0x12 ./Drivers/STM32F1xx_HAL_Driver/Src/stm32f1xx_hal_tim.o
                0x0000000008001ab2                HAL_TIM_PWM_PulseFinishedCallback
 .text.HAL_TIM_TriggerCallback
                0x0000000008001ac4       0x12 ./Drivers/STM32F1xx_HAL_Driver/Src/stm32f1xx_hal_tim.o
                0x0000000008001ac4                HAL_TIM_TriggerCallback
 *fill*         0x0000000008001ad6        0x2 
 .text.TIM_Base_SetConfig
                0x0000000008001ad8       0xc8 ./Drivers/STM32F1xx_HAL_Driver/Src/stm32f1xx_hal_tim.o
                0x0000000008001ad8                TIM_Base_SetConfig
 .text.TIM_TI1_ConfigInputStage
                0x0000000008001ba0       0x5c ./Drivers/STM32F1xx_HAL_Driver/Src/stm32f1xx_hal_tim.o
 .text.TIM_TI2_ConfigInputStage
                0x0000000008001bfc       0x5e ./Drivers/STM32F1xx_HAL_Driver/Src/stm32f1xx_hal_tim.o
 .text.TIM_ITRx_SetConfig
                0x0000000008001c5a       0x34 ./Drivers/STM32F1xx_HAL_Driver/Src/stm32f1xx_hal_tim.o
 .text.TIM_ETR_SetConfig
                0x0000000008001c8e       0x3e ./Drivers/STM32F1xx_HAL_Driver/Src/stm32f1xx_hal_tim.o
                0x0000000008001c8e                TIM_ETR_SetConfig
 .text.HAL_TIMEx_MasterConfigSynchronization
                0x0000000008001ccc       0xb0 ./Drivers/STM32F1xx_HAL_Driver/Src/stm32f1xx_hal_tim_ex.o
                0x0000000008001ccc                HAL_TIMEx_MasterConfigSynchronization
 .text.HAL_TIMEx_CommutCallback
                0x0000000008001d7c       0x12 ./Drivers/STM32F1xx_HAL_Driver/Src/stm32f1xx_hal_tim_ex.o
                0x0000000008001d7c                HAL_TIMEx_CommutCallback
 .text.HAL_TIMEx_BreakCallback
                0x0000000008001d8e       0x12 ./Drivers/STM32F1xx_HAL_Driver/Src/stm32f1xx_hal_tim_ex.o
                0x0000000008001d8e                HAL_TIMEx_BreakCallback
 .text.__libc_init_array
                0x0000000008001da0       0x48 c:/st/stm32cubeide_1.7.0/stm32cubeide/plugins/com.st.stm32cube.ide.mcu.externaltools.gnu-tools-for-stm32.9-2020-q2-update.win32_2.0.0.202105311346/tools/bin/../lib/gcc/arm-none-eabi/9.3.1/../../../../arm-none-eabi/lib/thumb/v7-m/nofp\libc_nano.a(lib_a-init.o)
                0x0000000008001da0                __libc_init_array
 .text.memset   0x0000000008001de8       0x10 c:/st/stm32cubeide_1.7.0/stm32cubeide/plugins/com.st.stm32cube.ide.mcu.externaltools.gnu-tools-for-stm32.9-2020-q2-update.win32_2.0.0.202105311346/tools/bin/../lib/gcc/arm-none-eabi/9.3.1/../../../../arm-none-eabi/lib/thumb/v7-m/nofp\libc_nano.a(lib_a-memset.o)
                0x0000000008001de8                memset
 *(.glue_7)
 .glue_7        0x0000000008001df8        0x0 linker stubs
 *(.glue_7t)
 .glue_7t       0x0000000008001df8        0x0 linker stubs
 *(.eh_frame)
 .eh_frame      0x0000000008001df8        0x0 c:/st/stm32cubeide_1.7.0/stm32cubeide/plugins/com.st.stm32cube.ide.mcu.externaltools.gnu-tools-for-stm32.9-2020-q2-update.win32_2.0.0.202105311346/tools/bin/../lib/gcc/arm-none-eabi/9.3.1/thumb/v7-m/nofp/crtbegin.o
 *(.init)
 .init          0x0000000008001df8        0x4 c:/st/stm32cubeide_1.7.0/stm32cubeide/plugins/com.st.stm32cube.ide.mcu.externaltools.gnu-tools-for-stm32.9-2020-q2-update.win32_2.0.0.202105311346/tools/bin/../lib/gcc/arm-none-eabi/9.3.1/thumb/v7-m/nofp/crti.o
                0x0000000008001df8                _init
 .init          0x0000000008001dfc        0x8 c:/st/stm32cubeide_1.7.0/stm32cubeide/plugins/com.st.stm32cube.ide.mcu.externaltools.gnu-tools-for-stm32.9-2020-q2-update.win32_2.0.0.202105311346/tools/bin/../lib/gcc/arm-none-eabi/9.3.1/thumb/v7-m/nofp/crtn.o
 *(.fini)
 .fini          0x0000000008001e04        0x4 c:/st/stm32cubeide_1.7.0/stm32cubeide/plugins/com.st.stm32cube.ide.mcu.externaltools.gnu-tools-for-stm32.9-2020-q2-update.win32_2.0.0.202105311346/tools/bin/../lib/gcc/arm-none-eabi/9.3.1/thumb/v7-m/nofp/crti.o
                0x0000000008001e04                _fini
 .fini          0x0000000008001e08        0x8 c:/st/stm32cubeide_1.7.0/stm32cubeide/plugins/com.st.stm32cube.ide.mcu.externaltools.gnu-tools-for-stm32.9-2020-q2-update.win32_2.0.0.202105311346/tools/bin/../lib/gcc/arm-none-eabi/9.3.1/thumb/v7-m/nofp/crtn.o
                0x0000000008001e10                . = ALIGN (0x4)
                0x0000000008001e10                _etext = .

.vfp11_veneer   0x0000000008001e10        0x0
 .vfp11_veneer  0x0000000008001e10        0x0 linker stubs

.v4_bx          0x0000000008001e10        0x0
 .v4_bx         0x0000000008001e10        0x0 linker stubs

.iplt           0x0000000008001e10        0x0
 .iplt          0x0000000008001e10        0x0 c:/st/stm32cubeide_1.7.0/stm32cubeide/plugins/com.st.stm32cube.ide.mcu.externaltools.gnu-tools-for-stm32.9-2020-q2-update.win32_2.0.0.202105311346/tools/bin/../lib/gcc/arm-none-eabi/9.3.1/thumb/v7-m/nofp/crtbegin.o

.rodata         0x0000000008001e10       0x30
                0x0000000008001e10                . = ALIGN (0x4)
 *(.rodata)
 .rodata        0x0000000008001e10        0xa ./Core/Src/ex4.o
 *(.rodata*)
 *fill*         0x0000000008001e1a        0x2 
 .rodata.AHBPrescTable
                0x0000000008001e1c       0x10 ./Core/Src/system_stm32f1xx.o
                0x0000000008001e1c                AHBPrescTable
 .rodata.aPLLMULFactorTable.6032
                0x0000000008001e2c       0x10 ./Drivers/STM32F1xx_HAL_Driver/Src/stm32f1xx_hal_rcc.o
 .rodata.aPredivFactorTable.6033
                0x0000000008001e3c        0x2 ./Drivers/STM32F1xx_HAL_Driver/Src/stm32f1xx_hal_rcc.o
                0x0000000008001e40                . = ALIGN (0x4)
 *fill*         0x0000000008001e3e        0x2 

.rel.dyn        0x0000000008001e40        0x0
 .rel.iplt      0x0000000008001e40        0x0 c:/st/stm32cubeide_1.7.0/stm32cubeide/plugins/com.st.stm32cube.ide.mcu.externaltools.gnu-tools-for-stm32.9-2020-q2-update.win32_2.0.0.202105311346/tools/bin/../lib/gcc/arm-none-eabi/9.3.1/thumb/v7-m/nofp/crtbegin.o

.ARM.extab      0x0000000008001e40        0x0
                0x0000000008001e40                . = ALIGN (0x4)
 *(.ARM.extab* .gnu.linkonce.armextab.*)
                0x0000000008001e40                . = ALIGN (0x4)

.ARM            0x0000000008001e40        0x0
                0x0000000008001e40                . = ALIGN (0x4)
                0x0000000008001e40                __exidx_start = .
 *(.ARM.exidx*)
                0x0000000008001e40                __exidx_end = .
                0x0000000008001e40                . = ALIGN (0x4)

.preinit_array  0x0000000008001e40        0x0
                0x0000000008001e40                . = ALIGN (0x4)
                0x0000000008001e40                PROVIDE (__preinit_array_start = .)
 *(.preinit_array*)
                0x0000000008001e40                PROVIDE (__preinit_array_end = .)
                0x0000000008001e40                . = ALIGN (0x4)

.init_array     0x0000000008001e40        0x4
                0x0000000008001e40                . = ALIGN (0x4)
                0x0000000008001e40                PROVIDE (__init_array_start = .)
 *(SORT_BY_NAME(.init_array.*))
 *(.init_array*)
 .init_array    0x0000000008001e40        0x4 c:/st/stm32cubeide_1.7.0/stm32cubeide/plugins/com.st.stm32cube.ide.mcu.externaltools.gnu-tools-for-stm32.9-2020-q2-update.win32_2.0.0.202105311346/tools/bin/../lib/gcc/arm-none-eabi/9.3.1/thumb/v7-m/nofp/crtbegin.o
                0x0000000008001e44                PROVIDE (__init_array_end = .)
                0x0000000008001e44                . = ALIGN (0x4)

.fini_array     0x0000000008001e44        0x4
                0x0000000008001e44                . = ALIGN (0x4)
                [!provide]                        PROVIDE (__fini_array_start = .)
 *(SORT_BY_NAME(.fini_array.*))
 *(.fini_array*)
 .fini_array    0x0000000008001e44        0x4 c:/st/stm32cubeide_1.7.0/stm32cubeide/plugins/com.st.stm32cube.ide.mcu.externaltools.gnu-tools-for-stm32.9-2020-q2-update.win32_2.0.0.202105311346/tools/bin/../lib/gcc/arm-none-eabi/9.3.1/thumb/v7-m/nofp/crtbegin.o
                [!provide]                        PROVIDE (__fini_array_end = .)
                0x0000000008001e48                . = ALIGN (0x4)
                0x0000000008001e48                _sidata = LOADADDR (.data)

.data           0x0000000020000000       0x24 load address 0x0000000008001e48
                0x0000000020000000                . = ALIGN (0x4)
                0x0000000020000000                _sdata = .
 *(.data)
 *(.data*)
 .data.led_buffer
                0x0000000020000000       0x10 ./Core/Src/ex4.o
                0x0000000020000000                led_buffer
 .data.seven_segment_counter
                0x0000000020000010        0x4 ./Core/Src/ex4.o
                0x0000000020000010                seven_segment_counter
 .data.LED_counter
                0x0000000020000014        0x4 ./Core/Src/ex4.o
                0x0000000020000014                LED_counter
 .data.SystemCoreClock
                0x0000000020000018        0x4 ./Core/Src/system_stm32f1xx.o
                0x0000000020000018                SystemCoreClock
 .data.uwTickPrio
                0x000000002000001c        0x4 ./Drivers/STM32F1xx_HAL_Driver/Src/stm32f1xx_hal.o
                0x000000002000001c                uwTickPrio
 .data.uwTickFreq
                0x0000000020000020        0x1 ./Drivers/STM32F1xx_HAL_Driver/Src/stm32f1xx_hal.o
                0x0000000020000020                uwTickFreq
 *(.RamFunc)
 *(.RamFunc*)
                0x0000000020000024                . = ALIGN (0x4)
 *fill*         0x0000000020000021        0x3 
                0x0000000020000024                _edata = .

.igot.plt       0x0000000020000024        0x0 load address 0x0000000008001e6c
 .igot.plt      0x0000000020000024        0x0 c:/st/stm32cubeide_1.7.0/stm32cubeide/plugins/com.st.stm32cube.ide.mcu.externaltools.gnu-tools-for-stm32.9-2020-q2-update.win32_2.0.0.202105311346/tools/bin/../lib/gcc/arm-none-eabi/9.3.1/thumb/v7-m/nofp/crtbegin.o
                0x0000000020000024                . = ALIGN (0x4)

.bss            0x0000000020000024       0x74 load address 0x0000000008001e6c
                0x0000000020000024                _sbss = .
                0x0000000020000024                __bss_start__ = _sbss
 *(.bss)
 .bss           0x0000000020000024       0x1c c:/st/stm32cubeide_1.7.0/stm32cubeide/plugins/com.st.stm32cube.ide.mcu.externaltools.gnu-tools-for-stm32.9-2020-q2-update.win32_2.0.0.202105311346/tools/bin/../lib/gcc/arm-none-eabi/9.3.1/thumb/v7-m/nofp/crtbegin.o
 *(.bss*)
 .bss.index_led
                0x0000000020000040        0x4 ./Core/Src/ex4.o
                0x0000000020000040                index_led
 .bss.flag_timer2
                0x0000000020000044        0x2 ./Core/Src/software_timer.o
                0x0000000020000044                flag_timer2
 .bss.timer2_counter
                0x0000000020000046        0x2 ./Core/Src/software_timer.o
                0x0000000020000046                timer2_counter
 .bss.timer2_MUL
                0x0000000020000048        0x2 ./Core/Src/software_timer.o
                0x0000000020000048                timer2_MUL
 *(COMMON)
 *fill*         0x000000002000004a        0x2 
 COMMON         0x000000002000004c       0x48 ./Core/Src/main.o
                0x000000002000004c                htim2
 COMMON         0x0000000020000094        0x4 ./Drivers/STM32F1xx_HAL_Driver/Src/stm32f1xx_hal.o
                0x0000000020000094                uwTick
                0x0000000020000098                . = ALIGN (0x4)
                0x0000000020000098                _ebss = .
                0x0000000020000098                __bss_end__ = _ebss

._user_heap_stack
                0x0000000020000098      0x600 load address 0x0000000008001e6c
                0x0000000020000098                . = ALIGN (0x8)
                [!provide]                        PROVIDE (end = .)
                0x0000000020000098                PROVIDE (_end = .)
                0x0000000020000298                . = (. + _Min_Heap_Size)
 *fill*         0x0000000020000098      0x200 
                0x0000000020000698                . = (. + _Min_Stack_Size)
 *fill*         0x0000000020000298      0x400 
                0x0000000020000698                . = ALIGN (0x8)

/DISCARD/
 libc.a(*)
 libm.a(*)
 libgcc.a(*)

.ARM.attributes
                0x0000000000000000       0x29
 *(.ARM.attributes)
 .ARM.attributes
                0x0000000000000000       0x1d c:/st/stm32cubeide_1.7.0/stm32cubeide/plugins/com.st.stm32cube.ide.mcu.externaltools.gnu-tools-for-stm32.9-2020-q2-update.win32_2.0.0.202105311346/tools/bin/../lib/gcc/arm-none-eabi/9.3.1/thumb/v7-m/nofp/crti.o
 .ARM.attributes
                0x000000000000001d       0x2d c:/st/stm32cubeide_1.7.0/stm32cubeide/plugins/com.st.stm32cube.ide.mcu.externaltools.gnu-tools-for-stm32.9-2020-q2-update.win32_2.0.0.202105311346/tools/bin/../lib/gcc/arm-none-eabi/9.3.1/thumb/v7-m/nofp/crtbegin.o
 .ARM.attributes
                0x000000000000004a       0x2d ./Core/Src/ex4.o
 .ARM.attributes
                0x0000000000000077       0x2d ./Core/Src/main.o
 .ARM.attributes
                0x00000000000000a4       0x2d ./Core/Src/software_timer.o
 .ARM.attributes
                0x00000000000000d1       0x2d ./Core/Src/stm32f1xx_hal_msp.o
 .ARM.attributes
                0x00000000000000fe       0x2d ./Core/Src/stm32f1xx_it.o
 .ARM.attributes
                0x000000000000012b       0x2d ./Core/Src/system_stm32f1xx.o
 .ARM.attributes
                0x0000000000000158       0x21 ./Core/Startup/startup_stm32f103c6ux.o
 .ARM.attributes
                0x0000000000000179       0x2d ./Drivers/STM32F1xx_HAL_Driver/Src/stm32f1xx_hal.o
 .ARM.attributes
                0x00000000000001a6       0x2d ./Drivers/STM32F1xx_HAL_Driver/Src/stm32f1xx_hal_cortex.o
 .ARM.attributes
                0x00000000000001d3       0x2d ./Drivers/STM32F1xx_HAL_Driver/Src/stm32f1xx_hal_gpio.o
 .ARM.attributes
                0x0000000000000200       0x2d ./Drivers/STM32F1xx_HAL_Driver/Src/stm32f1xx_hal_rcc.o
 .ARM.attributes
                0x000000000000022d       0x2d ./Drivers/STM32F1xx_HAL_Driver/Src/stm32f1xx_hal_tim.o
 .ARM.attributes
                0x000000000000025a       0x2d ./Drivers/STM32F1xx_HAL_Driver/Src/stm32f1xx_hal_tim_ex.o
 .ARM.attributes
                0x0000000000000287       0x2d c:/st/stm32cubeide_1.7.0/stm32cubeide/plugins/com.st.stm32cube.ide.mcu.externaltools.gnu-tools-for-stm32.9-2020-q2-update.win32_2.0.0.202105311346/tools/bin/../lib/gcc/arm-none-eabi/9.3.1/../../../../arm-none-eabi/lib/thumb/v7-m/nofp\libc_nano.a(lib_a-init.o)
 .ARM.attributes
                0x00000000000002b4       0x2d c:/st/stm32cubeide_1.7.0/stm32cubeide/plugins/com.st.stm32cube.ide.mcu.externaltools.gnu-tools-for-stm32.9-2020-q2-update.win32_2.0.0.202105311346/tools/bin/../lib/gcc/arm-none-eabi/9.3.1/../../../../arm-none-eabi/lib/thumb/v7-m/nofp\libc_nano.a(lib_a-memset.o)
 .ARM.attributes
                0x00000000000002e1       0x1d c:/st/stm32cubeide_1.7.0/stm32cubeide/plugins/com.st.stm32cube.ide.mcu.externaltools.gnu-tools-for-stm32.9-2020-q2-update.win32_2.0.0.202105311346/tools/bin/../lib/gcc/arm-none-eabi/9.3.1/thumb/v7-m/nofp/crtn.o
OUTPUT(GIT.elf elf32-littlearm)
LOAD linker stubs
LOAD c:/st/stm32cubeide_1.7.0/stm32cubeide/plugins/com.st.stm32cube.ide.mcu.externaltools.gnu-tools-for-stm32.9-2020-q2-update.win32_2.0.0.202105311346/tools/bin/../lib/gcc/arm-none-eabi/9.3.1/../../../../arm-none-eabi/lib/thumb/v7-m/nofp\libc.a
LOAD c:/st/stm32cubeide_1.7.0/stm32cubeide/plugins/com.st.stm32cube.ide.mcu.externaltools.gnu-tools-for-stm32.9-2020-q2-update.win32_2.0.0.202105311346/tools/bin/../lib/gcc/arm-none-eabi/9.3.1/../../../../arm-none-eabi/lib/thumb/v7-m/nofp\libm.a
LOAD c:/st/stm32cubeide_1.7.0/stm32cubeide/plugins/com.st.stm32cube.ide.mcu.externaltools.gnu-tools-for-stm32.9-2020-q2-update.win32_2.0.0.202105311346/tools/bin/../lib/gcc/arm-none-eabi/9.3.1/thumb/v7-m/nofp\libgcc.a

.debug_info     0x0000000000000000     0x9fe0
 .debug_info    0x0000000000000000     0x11a2 ./Core/Src/ex4.o
 .debug_info    0x00000000000011a2      0xb9d ./Core/Src/main.o
 .debug_info    0x0000000000001d3f      0x9b0 ./Core/Src/software_timer.o
 .debug_info    0x00000000000026ef      0xa09 ./Core/Src/stm32f1xx_hal_msp.o
 .debug_info    0x00000000000030f8      0x7b9 ./Core/Src/stm32f1xx_it.o
 .debug_info    0x00000000000038b1      0x2be ./Core/Src/system_stm32f1xx.o
 .debug_info    0x0000000000003b6f       0x22 ./Core/Startup/startup_stm32f103c6ux.o
 .debug_info    0x0000000000003b91      0x74c ./Drivers/STM32F1xx_HAL_Driver/Src/stm32f1xx_hal.o
 .debug_info    0x00000000000042dd      0xbbe ./Drivers/STM32F1xx_HAL_Driver/Src/stm32f1xx_hal_cortex.o
 .debug_info    0x0000000000004e9b      0x701 ./Drivers/STM32F1xx_HAL_Driver/Src/stm32f1xx_hal_gpio.o
 .debug_info    0x000000000000559c      0x893 ./Drivers/STM32F1xx_HAL_Driver/Src/stm32f1xx_hal_rcc.o
 .debug_info    0x0000000000005e2f     0x2c32 ./Drivers/STM32F1xx_HAL_Driver/Src/stm32f1xx_hal_tim.o
 .debug_info    0x0000000000008a61     0x157f ./Drivers/STM32F1xx_HAL_Driver/Src/stm32f1xx_hal_tim_ex.o

.debug_abbrev   0x0000000000000000     0x18ec
 .debug_abbrev  0x0000000000000000      0x231 ./Core/Src/ex4.o
 .debug_abbrev  0x0000000000000231      0x24a ./Core/Src/main.o
 .debug_abbrev  0x000000000000047b      0x1c5 ./Core/Src/software_timer.o
 .debug_abbrev  0x0000000000000640      0x1b7 ./Core/Src/stm32f1xx_hal_msp.o
 .debug_abbrev  0x00000000000007f7      0x176 ./Core/Src/stm32f1xx_it.o
 .debug_abbrev  0x000000000000096d      0x14e ./Core/Src/system_stm32f1xx.o
 .debug_abbrev  0x0000000000000abb       0x12 ./Core/Startup/startup_stm32f103c6ux.o
 .debug_abbrev  0x0000000000000acd      0x1ed ./Drivers/STM32F1xx_HAL_Driver/Src/stm32f1xx_hal.o
 .debug_abbrev  0x0000000000000cba      0x313 ./Drivers/STM32F1xx_HAL_Driver/Src/stm32f1xx_hal_cortex.o
 .debug_abbrev  0x0000000000000fcd      0x1e8 ./Drivers/STM32F1xx_HAL_Driver/Src/stm32f1xx_hal_gpio.o
 .debug_abbrev  0x00000000000011b5      0x273 ./Drivers/STM32F1xx_HAL_Driver/Src/stm32f1xx_hal_rcc.o
 .debug_abbrev  0x0000000000001428      0x25e ./Drivers/STM32F1xx_HAL_Driver/Src/stm32f1xx_hal_tim.o
 .debug_abbrev  0x0000000000001686      0x266 ./Drivers/STM32F1xx_HAL_Driver/Src/stm32f1xx_hal_tim_ex.o

.debug_aranges  0x0000000000000000      0x9c8
 .debug_aranges
                0x0000000000000000       0x30 ./Core/Src/ex4.o
 .debug_aranges
                0x0000000000000030       0x40 ./Core/Src/main.o
 .debug_aranges
                0x0000000000000070       0x70 ./Core/Src/software_timer.o
 .debug_aranges
                0x00000000000000e0       0x30 ./Core/Src/stm32f1xx_hal_msp.o
 .debug_aranges
                0x0000000000000110       0x68 ./Core/Src/stm32f1xx_it.o
 .debug_aranges
                0x0000000000000178       0x28 ./Core/Src/system_stm32f1xx.o
 .debug_aranges
                0x00000000000001a0       0x28 ./Core/Startup/startup_stm32f103c6ux.o
 .debug_aranges
                0x00000000000001c8       0xe0 ./Drivers/STM32F1xx_HAL_Driver/Src/stm32f1xx_hal.o
 .debug_aranges
                0x00000000000002a8      0x100 ./Drivers/STM32F1xx_HAL_Driver/Src/stm32f1xx_hal_cortex.o
 .debug_aranges
                0x00000000000003a8       0x58 ./Drivers/STM32F1xx_HAL_Driver/Src/stm32f1xx_hal_gpio.o
 .debug_aranges
                0x0000000000000400       0x90 ./Drivers/STM32F1xx_HAL_Driver/Src/stm32f1xx_hal_rcc.o
 .debug_aranges
                0x0000000000000490      0x3d0 ./Drivers/STM32F1xx_HAL_Driver/Src/stm32f1xx_hal_tim.o
 .debug_aranges
                0x0000000000000860      0x168 ./Drivers/STM32F1xx_HAL_Driver/Src/stm32f1xx_hal_tim_ex.o

.debug_ranges   0x0000000000000000      0x900
 .debug_ranges  0x0000000000000000       0x20 ./Core/Src/ex4.o
 .debug_ranges  0x0000000000000020       0x30 ./Core/Src/main.o
 .debug_ranges  0x0000000000000050       0x60 ./Core/Src/software_timer.o
 .debug_ranges  0x00000000000000b0       0x20 ./Core/Src/stm32f1xx_hal_msp.o
 .debug_ranges  0x00000000000000d0       0x58 ./Core/Src/stm32f1xx_it.o
 .debug_ranges  0x0000000000000128       0x18 ./Core/Src/system_stm32f1xx.o
 .debug_ranges  0x0000000000000140       0x20 ./Core/Startup/startup_stm32f103c6ux.o
 .debug_ranges  0x0000000000000160       0xd0 ./Drivers/STM32F1xx_HAL_Driver/Src/stm32f1xx_hal.o
 .debug_ranges  0x0000000000000230       0xf0 ./Drivers/STM32F1xx_HAL_Driver/Src/stm32f1xx_hal_cortex.o
 .debug_ranges  0x0000000000000320       0x48 ./Drivers/STM32F1xx_HAL_Driver/Src/stm32f1xx_hal_gpio.o
 .debug_ranges  0x0000000000000368       0x80 ./Drivers/STM32F1xx_HAL_Driver/Src/stm32f1xx_hal_rcc.o
 .debug_ranges  0x00000000000003e8      0x3c0 ./Drivers/STM32F1xx_HAL_Driver/Src/stm32f1xx_hal_tim.o
 .debug_ranges  0x00000000000007a8      0x158 ./Drivers/STM32F1xx_HAL_Driver/Src/stm32f1xx_hal_tim_ex.o

.debug_macro    0x0000000000000000    0x1728f
 .debug_macro   0x0000000000000000      0x352 ./Core/Src/ex4.o
 .debug_macro   0x0000000000000352      0xa9c ./Core/Src/ex4.o
 .debug_macro   0x0000000000000dee       0x22 ./Core/Src/ex4.o
 .debug_macro   0x0000000000000e10       0x8e ./Core/Src/ex4.o
 .debug_macro   0x0000000000000e9e       0x51 ./Core/Src/ex4.o
 .debug_macro   0x0000000000000eef      0x103 ./Core/Src/ex4.o
 .debug_macro   0x0000000000000ff2       0x6a ./Core/Src/ex4.o
 .debug_macro   0x000000000000105c      0x1df ./Core/Src/ex4.o
 .debug_macro   0x000000000000123b      0x215 ./Core/Src/ex4.o
 .debug_macro   0x0000000000001450       0x2e ./Core/Src/ex4.o
 .debug_macro   0x000000000000147e       0x22 ./Core/Src/ex4.o
 .debug_macro   0x00000000000014a0       0x1c ./Core/Src/ex4.o
 .debug_macro   0x00000000000014bc       0x22 ./Core/Src/ex4.o
 .debug_macro   0x00000000000014de       0xc3 ./Core/Src/ex4.o
 .debug_macro   0x00000000000015a1      0xd23 ./Core/Src/ex4.o
 .debug_macro   0x00000000000022c4     0xde75 ./Core/Src/ex4.o
 .debug_macro   0x0000000000010139       0x6d ./Core/Src/ex4.o
 .debug_macro   0x00000000000101a6     0x34a2 ./Core/Src/ex4.o
 .debug_macro   0x0000000000013648      0x174 ./Core/Src/ex4.o
 .debug_macro   0x00000000000137bc       0x5c ./Core/Src/ex4.o
 .debug_macro   0x0000000000013818      0x5bc ./Core/Src/ex4.o
 .debug_macro   0x0000000000013dd4      0x1b7 ./Core/Src/ex4.o
 .debug_macro   0x0000000000013f8b      0x1cb ./Core/Src/ex4.o
 .debug_macro   0x0000000000014156      0x114 ./Core/Src/ex4.o
 .debug_macro   0x000000000001426a      0x1b2 ./Core/Src/ex4.o
 .debug_macro   0x000000000001441c       0x27 ./Core/Src/ex4.o
 .debug_macro   0x0000000000014443      0x12f ./Core/Src/ex4.o
 .debug_macro   0x0000000000014572      0x1bc ./Core/Src/ex4.o
 .debug_macro   0x000000000001472e       0x34 ./Core/Src/ex4.o
 .debug_macro   0x0000000000014762       0x3c ./Core/Src/ex4.o
 .debug_macro   0x000000000001479e       0x57 ./Core/Src/ex4.o
 .debug_macro   0x00000000000147f5       0x87 ./Core/Src/ex4.o
 .debug_macro   0x000000000001487c      0x183 ./Core/Src/ex4.o
 .debug_macro   0x00000000000149ff      0x140 ./Core/Src/ex4.o
 .debug_macro   0x0000000000014b3f      0x8ed ./Core/Src/ex4.o
 .debug_macro   0x000000000001542c       0x69 ./Core/Src/ex4.o
 .debug_macro   0x0000000000015495       0xa0 ./Core/Src/ex4.o
 .debug_macro   0x0000000000015535       0x22 ./Core/Src/ex4.o
 .debug_macro   0x0000000000015557       0x52 ./Core/Src/ex4.o
 .debug_macro   0x00000000000155a9       0x18 ./Core/Src/ex4.o
 .debug_macro   0x00000000000155c1       0x3c ./Core/Src/ex4.o
 .debug_macro   0x00000000000155fd       0x34 ./Core/Src/ex4.o
 .debug_macro   0x0000000000015631       0x16 ./Core/Src/ex4.o
 .debug_macro   0x0000000000015647       0x35 ./Core/Src/ex4.o
 .debug_macro   0x000000000001567c      0x333 ./Core/Src/ex4.o
 .debug_macro   0x00000000000159af       0x10 ./Core/Src/ex4.o
 .debug_macro   0x00000000000159bf       0x16 ./Core/Src/ex4.o
 .debug_macro   0x00000000000159d5       0x43 ./Core/Src/ex4.o
 .debug_macro   0x0000000000015a18       0x34 ./Core/Src/ex4.o
 .debug_macro   0x0000000000015a4c       0x10 ./Core/Src/ex4.o
 .debug_macro   0x0000000000015a5c       0x58 ./Core/Src/ex4.o
 .debug_macro   0x0000000000015ab4       0x71 ./Core/Src/ex4.o
 .debug_macro   0x0000000000015b25       0x1c ./Core/Src/ex4.o
 .debug_macro   0x0000000000015b41      0x12a ./Core/Src/ex4.o
 .debug_macro   0x0000000000015c6b       0x10 ./Core/Src/ex4.o
 .debug_macro   0x0000000000015c7b       0x1c ./Core/Src/ex4.o
 .debug_macro   0x0000000000015c97       0x52 ./Core/Src/ex4.o
 .debug_macro   0x0000000000015ce9       0x22 ./Core/Src/ex4.o
 .debug_macro   0x0000000000015d0b       0x10 ./Core/Src/ex4.o
 .debug_macro   0x0000000000015d1b       0x40 ./Core/Src/ex4.o
 .debug_macro   0x0000000000015d5b       0xd5 ./Core/Src/ex4.o
 .debug_macro   0x0000000000015e30       0x1c ./Core/Src/ex4.o
 .debug_macro   0x0000000000015e4c       0x3d ./Core/Src/ex4.o
 .debug_macro   0x0000000000015e89       0x16 ./Core/Src/ex4.o
 .debug_macro   0x0000000000015e9f      0x145 ./Core/Src/ex4.o
 .debug_macro   0x0000000000015fe4       0x16 ./Core/Src/ex4.o
 .debug_macro   0x0000000000015ffa       0x20 ./Core/Src/ex4.o
 .debug_macro   0x000000000001601a      0x1a6 ./Core/Src/main.o
 .debug_macro   0x00000000000161c0      0x1b6 ./Core/Src/software_timer.o
 .debug_macro   0x0000000000016376      0x1a6 ./Core/Src/stm32f1xx_hal_msp.o
 .debug_macro   0x000000000001651c      0x1b0 ./Core/Src/stm32f1xx_it.o
 .debug_macro   0x00000000000166cc      0x197 ./Core/Src/system_stm32f1xx.o
 .debug_macro   0x0000000000016863      0x1bb ./Drivers/STM32F1xx_HAL_Driver/Src/stm32f1xx_hal.o
 .debug_macro   0x0000000000016a1e      0x197 ./Drivers/STM32F1xx_HAL_Driver/Src/stm32f1xx_hal_cortex.o
 .debug_macro   0x0000000000016bb5      0x202 ./Drivers/STM32F1xx_HAL_Driver/Src/stm32f1xx_hal_gpio.o
 .debug_macro   0x0000000000016db7      0x1a9 ./Drivers/STM32F1xx_HAL_Driver/Src/stm32f1xx_hal_rcc.o
 .debug_macro   0x0000000000016f60      0x198 ./Drivers/STM32F1xx_HAL_Driver/Src/stm32f1xx_hal_tim.o
 .debug_macro   0x00000000000170f8      0x197 ./Drivers/STM32F1xx_HAL_Driver/Src/stm32f1xx_hal_tim_ex.o

.debug_line     0x0000000000000000     0xa3a0
 .debug_line    0x0000000000000000      0x943 ./Core/Src/ex4.o
 .debug_line    0x0000000000000943      0x757 ./Core/Src/main.o
 .debug_line    0x000000000000109a      0x77f ./Core/Src/software_timer.o
 .debug_line    0x0000000000001819      0x6a1 ./Core/Src/stm32f1xx_hal_msp.o
 .debug_line    0x0000000000001eba      0x73f ./Core/Src/stm32f1xx_it.o
 .debug_line    0x00000000000025f9      0x6e3 ./Core/Src/system_stm32f1xx.o
 .debug_line    0x0000000000002cdc       0x86 ./Core/Startup/startup_stm32f103c6ux.o
 .debug_line    0x0000000000002d62      0x910 ./Drivers/STM32F1xx_HAL_Driver/Src/stm32f1xx_hal.o
 .debug_line    0x0000000000003672      0xaf8 ./Drivers/STM32F1xx_HAL_Driver/Src/stm32f1xx_hal_cortex.o
 .debug_line    0x000000000000416a      0x993 ./Drivers/STM32F1xx_HAL_Driver/Src/stm32f1xx_hal_gpio.o
 .debug_line    0x0000000000004afd      0xd1c ./Drivers/STM32F1xx_HAL_Driver/Src/stm32f1xx_hal_rcc.o
 .debug_line    0x0000000000005819     0x3361 ./Drivers/STM32F1xx_HAL_Driver/Src/stm32f1xx_hal_tim.o
 .debug_line    0x0000000000008b7a     0x1826 ./Drivers/STM32F1xx_HAL_Driver/Src/stm32f1xx_hal_tim_ex.o

.debug_str      0x0000000000000000    0x86248
 .debug_str     0x0000000000000000    0x83c0f ./Core/Src/ex4.o
                                      0x84083 (size before relaxing)
 .debug_str     0x0000000000083c0f      0x2e2 ./Core/Src/main.o
                                      0x800d5 (size before relaxing)
 .debug_str     0x0000000000083ef1      0x105 ./Core/Src/software_timer.o
                                      0x7ff4d (size before relaxing)
 .debug_str     0x0000000000083ff6      0x2ba ./Core/Src/stm32f1xx_hal_msp.o
                                      0x80127 (size before relaxing)
 .debug_str     0x00000000000842b0       0xcd ./Core/Src/stm32f1xx_it.o
                                      0x7fe89 (size before relaxing)
 .debug_str     0x000000000008437d       0x52 ./Core/Src/system_stm32f1xx.o
                                      0x7f77e (size before relaxing)
 .debug_str     0x00000000000843cf       0x36 ./Core/Startup/startup_stm32f103c6ux.o
                                         0x72 (size before relaxing)
 .debug_str     0x0000000000084405      0x304 ./Drivers/STM32F1xx_HAL_Driver/Src/stm32f1xx_hal.o
                                      0x7fdd5 (size before relaxing)
 .debug_str     0x0000000000084709      0x300 ./Drivers/STM32F1xx_HAL_Driver/Src/stm32f1xx_hal_cortex.o
                                      0x7fddd (size before relaxing)
 .debug_str     0x0000000000084a09      0x324 ./Drivers/STM32F1xx_HAL_Driver/Src/stm32f1xx_hal_gpio.o
                                      0x7fb42 (size before relaxing)
 .debug_str     0x0000000000084d2d      0x24f ./Drivers/STM32F1xx_HAL_Driver/Src/stm32f1xx_hal_rcc.o
                                      0x7fb7b (size before relaxing)
 .debug_str     0x0000000000084f7c      0xdde ./Drivers/STM32F1xx_HAL_Driver/Src/stm32f1xx_hal_tim.o
                                      0x80b64 (size before relaxing)
 .debug_str     0x0000000000085d5a      0x4ee ./Drivers/STM32F1xx_HAL_Driver/Src/stm32f1xx_hal_tim_ex.o
                                      0x80305 (size before relaxing)

.comment        0x0000000000000000       0x53
 .comment       0x0000000000000000       0x53 ./Core/Src/ex4.o
                                         0x54 (size before relaxing)
 .comment       0x0000000000000053       0x54 ./Core/Src/main.o
 .comment       0x0000000000000053       0x54 ./Core/Src/software_timer.o
 .comment       0x0000000000000053       0x54 ./Core/Src/stm32f1xx_hal_msp.o
 .comment       0x0000000000000053       0x54 ./Core/Src/stm32f1xx_it.o
 .comment       0x0000000000000053       0x54 ./Core/Src/system_stm32f1xx.o
 .comment       0x0000000000000053       0x54 ./Drivers/STM32F1xx_HAL_Driver/Src/stm32f1xx_hal.o
 .comment       0x0000000000000053       0x54 ./Drivers/STM32F1xx_HAL_Driver/Src/stm32f1xx_hal_cortex.o
 .comment       0x0000000000000053       0x54 ./Drivers/STM32F1xx_HAL_Driver/Src/stm32f1xx_hal_gpio.o
 .comment       0x0000000000000053       0x54 ./Drivers/STM32F1xx_HAL_Driver/Src/stm32f1xx_hal_rcc.o
 .comment       0x0000000000000053       0x54 ./Drivers/STM32F1xx_HAL_Driver/Src/stm32f1xx_hal_tim.o
 .comment       0x0000000000000053       0x54 ./Drivers/STM32F1xx_HAL_Driver/Src/stm32f1xx_hal_tim_ex.o

.debug_frame    0x0000000000000000     0x2798
 .debug_frame   0x0000000000000000       0x7c ./Core/Src/ex4.o
 .debug_frame   0x000000000000007c       0xb0 ./Core/Src/main.o
 .debug_frame   0x000000000000012c      0x17c ./Core/Src/software_timer.o
 .debug_frame   0x00000000000002a8       0x80 ./Core/Src/stm32f1xx_hal_msp.o
 .debug_frame   0x0000000000000328      0x120 ./Core/Src/stm32f1xx_it.o
 .debug_frame   0x0000000000000448       0x58 ./Core/Src/system_stm32f1xx.o
 .debug_frame   0x00000000000004a0      0x334 ./Drivers/STM32F1xx_HAL_Driver/Src/stm32f1xx_hal.o
 .debug_frame   0x00000000000007d4      0x428 ./Drivers/STM32F1xx_HAL_Driver/Src/stm32f1xx_hal_cortex.o
 .debug_frame   0x0000000000000bfc      0x14c ./Drivers/STM32F1xx_HAL_Driver/Src/stm32f1xx_hal_gpio.o
 .debug_frame   0x0000000000000d48      0x218 ./Drivers/STM32F1xx_HAL_Driver/Src/stm32f1xx_hal_rcc.o
 .debug_frame   0x0000000000000f60     0x11b4 ./Drivers/STM32F1xx_HAL_Driver/Src/stm32f1xx_hal_tim.o
 .debug_frame   0x0000000000002114      0x638 ./Drivers/STM32F1xx_HAL_Driver/Src/stm32f1xx_hal_tim_ex.o
 .debug_frame   0x000000000000274c       0x2c c:/st/stm32cubeide_1.7.0/stm32cubeide/plugins/com.st.stm32cube.ide.mcu.externaltools.gnu-tools-for-stm32.9-2020-q2-update.win32_2.0.0.202105311346/tools/bin/../lib/gcc/arm-none-eabi/9.3.1/../../../../arm-none-eabi/lib/thumb/v7-m/nofp\libc_nano.a(lib_a-init.o)
 .debug_frame   0x0000000000002778       0x20 c:/st/stm32cubeide_1.7.0/stm32cubeide/plugins/com.st.stm32cube.ide.mcu.externaltools.gnu-tools-for-stm32.9-2020-q2-update.win32_2.0.0.202105311346/tools/bin/../lib/gcc/arm-none-eabi/9.3.1/../../../../arm-none-eabi/lib/thumb/v7-m/nofp\libc_nano.a(lib_a-memset.o)
